FCARM FILE CONVERTER V2.58                                                              12/25/2022  01:05:00  PAGE 1


FCARM FILE CONVERTER V2.58, INVOKED BY:
D:\KEIL_V5\ARM\BIN\FCARM.EXE board_info.html, homepage.html, atstartf407_with_ethernet.jpg, favicon.ico TO binary_resour
>> ce.c


INPUT FILE: board_info.html
  File type  = HTML CODE
  Input size = 4339 bytes
  Redundancy = 2283 bytes (53%)
  Image size = 2056 bytes (47%)
+---------------------------------------------------------------------------------------------------------------------+
<!DOCTYPE html><html><head><title>zhanzr21's simple webserver on AT-START-F407 board</title><style> h1 { background-col
or: lightgoldenrodyellow; } body { background-color: lightcyan; } </style></head><body><h1><font size=15>Simple Webserv
er on AT-START-F407</font></h1><table height="800"><tr><th>peripheral</th><th>Information</th></tr><tr><td>LED</td><td>
<form action="method=update_led"><span></span><div style="text-align: center;"><div style="text-align: center;"><span><
font size="5"><input name="led" type="checkbox" value="2"> LED2</font><br></span></div><span><font size="5" ></font></s
pan><div style="text-align: center;"><span><font size="5"><input name="led" type="checkbox" value="3"> LED3</font><br><
/span></div><span><font size="5" ></font></span><div style="text-align: center;"><span><font size="5"><input name="led"
 type="checkbox" value="4"> LED4</font><br></span></div><input type="submit" value=" Update LED "></div></form></td></t
r><tr><td>ADC</td><td><p align="center"><font size="6">This page implement real-time sampling of voltage, ADC channel i
s 4<br></font><font size="6"><br></font></p><div style="text-align: center;"><big><span><big>Voltage:</big><span style=
"color: red;"><big>%.2f V</big></span></span></big></div><table border="3" cellpadding="0" cellspacing="0" style="backg
round-color: rgb(204, 204, 204); width: 520px; text-align: left; margin-left: auto; margin-right: auto;"><tbody><tr><td
><div><table border="0" cellpadding="0" cellspacing="0" width=" 363"><tbody><tr><td bgcolor="#33FF00" style="text-align
: right;">&nbsp;</td></tr></tbody></table></div></td></tr></tbody></table><table border="0" style="width: 520px; text-a
lign: left; margin-left: auto; margin-right: auto;"><tbody><tr><td style="color: rgb(51, 51, 153);" width="14">0V</td><
td width="14">0.5V</td><td width="14">1V</td><td width="14">1.5V</td><td width="14">2V</td><td width="14">2.5V</td><td 
style="width: 14px;">3V</td></tr></tbody></table></td></tr><tr><td><a href="homepage.html"><font size=15>Home</font></a
></td></tr></table></body></html>
+---------------------------------------------------------------------------------------------------------------------+


INPUT FILE: homepage.html
  File type  = HTML CODE
  Input size = 1008 bytes
  Redundancy = 367 bytes (37%)
  Image size = 641 bytes (63%)
+---------------------------------------------------------------------------------------------------------------------+
<!DOCTYPE html><html><head><title>zhanzr21's simple webserver on AT-START-F407 board</title><style> h1 { background-col
or: lightyellow; } body { background-color: lightblue; } </style></head><body><h1><font size=15>Simple Webserver on AT-
START-F407</font></h1><table height="800"><tr><th>Board</th><th>Image</th></tr><tr><td><p/>Main Chip: AT32F407VGT7 <p/>
(RAM:224 KB; FLASH:1024 KB) <p/>3 I2C <p/>8 USART <p/>4 SPI <p/>2 CAN <p/>Crystal-less USB 2.0 <p/>2 SDIO <p/>Ethernet 
</td><td><img src=atstartf407_with_ethernet.jpg></img></td></tr><tr><td><a href="board_info.html"><font size=15>Board I
nfo</font></a></td></tr></table></body></html>
+---------------------------------------------------------------------------------------------------------------------+


INPUT FILE: atstartf407_with_ethernet.jpg
  File type  = BINARY
  Input size = 24181 bytes
+---------------------------------------------------------------------------------------------------------------------+
......JFIF.....x.x....."Exif..MM.*.........................C...........................................................
.........C............................................................................"................................
............................}........!1A..Qa."q.2....#B...R..$3br........%&'()*456789:CDEFGHIJSTUVWXYZcdefghijstuvwxyz.
.......................................................................................................................
......w.......!1..AQ.aq."2...B.....#3R..br...$4.%.....&'()*56789:CDEFGHIJSTUVWXYZcdefghijstuvwxyz......................
..............................................................?....w... .lkz...M}.\\3,:....*.....n..QTt....bI...f.'Z...
....h.#..z..........wl..[..W..._7..^..(c.n...{s...L..O._.z..t..xkT..&.....x..T.....[&.x. .2..D......6..Mg....[l.....#K.
>H7f..o>U..._....|1>....OC....X.-...g..v..c.r......;zc..A...&.....^...I.....>.xRV.V.H.C).IGB:...uV_.~..*.4..M.t?...v.W.
W.z..u.[....J4..9....:.%0...PG.Z......l.-<2.&........).........'.c.03..rI.+....*..1.....S...}......^..<W.Mgg&.uu.]Z...K
..[...M...+...[..H;Xn(._....TZ....[.v>!....)R.....mF...q.t.,;...m..|>..k.m6MJ..$......c....fR.D.]..Q....].V..@....q.DE.
T...t...''..*...................F..:.h,b....{.{..I...1.8...)...nm'.............Y....7I......~!...RY....y.@.......:..$..
.H.........]...oX.........n.......%r...B#......Er..{...I'w..xo...O...r.\...6..f.H.Wy{s..H....l.smUY..I.Dlk.....0|R..5..
.......K...w....c....@.`..3/-........^........~.MZ.......-...QH..../7+.]. ...Q....<i....~..M.7.b.\.f..S.e....P.......rV
P..R.F.V......~.=<E{.6.z....sxi.....M......'S.f.Vk.............b..;.`..8....k....,..T.A......~..!....0.N .........:....
|;....[..'.|..i.......j...\.;....e...Vch..b...B@....<y..sO.....C....6...vJ.,B.&.!.g.?4@........G.X..^.U.._.......j.W..y
FCARM FILE CONVERTER V2.58                                                            12/25/2022  01:05:00  PAGE 2


k.+q....xv........ui...U....K..`'...o...@....+/.x'Q[_......^M....Ur.}.&A4...ic1J....7..N>u.{..B...>.\_C.x..?./..yl...2(
..........4e...L..3..h..xc.7......?...se...Oc......6.M<.p..)....F. $.*......J.lWU....>...>...d..W.F..MV_.\...H6.....#g.
.<V7.,..KD.......,...W.|i<.....F.'.O).<BN..*....~.x{..n..U......U.t...u..#.l.&...\M;.r..!*..y.._.......|<.;...7..:....6
.c".ZH.%...L...`....d.I0{Z......._......M....[..'..#...V.;.St.g..`.....#.#....b............]Y.....\E..../...=d].e&|.6P"
.%....]~{........K}7..si......G..Y..D..K2.....1g.......|+..;E.W.t.....a.H.M2;.z.b.{.k......B./)...yQ.:......b..Z..Uj...
/..&.P...k.>.<..g.%.p..d..L...rH..G.....\X...5..I<....fhcl.vO;*...#....].....M...%...n.G.f.{..hk.1....M...]....G1...\*.
..s..;...K{{O..[Y...Z..r...3......`].cY<.lc..b..W............?....<e.....V6.6.}..<]r$0...Z36..q.w.?u..Q..x.].F..X..I...
.f..jQ........8..M.v8..l|..K.^7.......7.G.iZ.r_..m%...[......D.....&h...d"O.xc.W...m........`.........E...e.%..p..FB!.A
w*..{.......}.&.~'.6>..v....|A}s..n.v.W.n[.....,M.........h._.4_.xON...X..M.I.Z....(..:,.1V...p8;k.?.p|I......|!}q.|6..
P.....k.L..Z.).'OT.o.(..X.......W..SU.i..~*.d.........-m.......B...C..9.4,EE+OO......SO.......n..M..x.......S.?..x.....
..v......|O.......R..m.aH.T.Z..eA..!..9.`...(..tK.(..i.........._..{...k.......CL.t.....Y.k.x..`..5..`..r7(....g*.....]
I....<:.~.k.<P...d{v...Y6m8....2.....p.....k..x..~".l.-..ZK{.....Uw.Mm(!...".`.z...1I..t..oF....$.t.?X...,..u..]J.MZ}B.
.e.Kf.....29U.+.S.#2)....\?._.X.W..M..k.......(.j.u(...f%.<.I9'5.....j.:f..>`.....J.....2x.;..7Wh.D......!E..'<.0..!...
.1_x.G........2j.4ws.m.A......wwl.L.....W$6.G.~.~26v....4;K.6.F.5....&...mn^k.V...H...FH.,^o..1..~..............6:...=.
...6...:..p. do!.g.XlV,.`...g1...J.....}...Y..T.N..n.r.Z.mE.~eiE....z.A,_...?..m.......4.-...k.} ......,.H>UTUb...?...u
...D...*\..ns,z...G...rR.++!i. ..17.!.?.k......|/u..C.E.....u-..`.........L;V...l.p.cU.@[..........<qi.5..a3...X.z.....
....]L....0."..6N.s:...F...FoK...*...U.N1....b..(.{.kt......]|8. .U.....}....<.w.....;..$..........o........_.O.f..-..Z
..>#...j....l3..H..' sW>#..~..U..V....$..V.V...Q.\.l.A...\0..?t.s.d....ms.[.....X...9U.._..<..[.._........K...$^.....E.
.........a../.+......._..$....f.<..:.s$._..Ab>..n.v....|[.~..D[=#..1.$..6......HcW.P.e.y~bK&...[. D../........r.S..g...
.[..$.`ve....P`[h....,+`n.xl."U".....U..gx.........C...]/Mk..Z..+^.A...o.FcF..I#.......'!.{iS..+.>..^..<{........i..n.N
..FSo...2.dyPn,I..x.......V.}.._.6..-.;..#.......3a........T.....j..[.......J.}..R...{ 2.B....Ia......jZ}...ma..~....n.
,...d..^^..}...7.!......HKe~....U...$#L.......G..}6..8.[b,.....k.O.e{.5...4...K.P....<..........r....V....X.^....f.k.F.
...uZ..}.......g...h:,..}Jky...S..(.-Lo?.qv.kbY.1.......^9...V.-c.{9....y.bA.....e?yw .2.RpT.............^<..0.m......W
.rKy.(.hx.=..]..,....S....?.......8s9......u..|5.M...O.|.....;o..b}sNK.i.x^9......u........$..BL...I..;E............K.T
......L.7WDH.."F6[....C8..m|D.&..]K.U...5..5m*.].(...c.... ..Q,r@P.J......K.C....|E.....O._.i:-..}}s6.c.[.D..{....ff.y.
7.."..?/.KNw.|....%.G....?..K..>..O../..0C'....#A}os..c..T.Ur.F...p...f...^.>.x'.V>$]G.p4^$..:...Z....FemRpfU..Z..q..W.
..b.....~0.g.%....|M.k}.S..N........Mt.....3?.".>u......N.umJ..../.{.Cu.....#(.x.i6..>....B...Q.W'.....NUyM....|y....7O
.i0._N.5..k.....}.5.^b.F...j$.U!.w;.B........j...n..}..s...4....R5.b.!..Sl......r...Xd.w>...2k..~....M.......+.7V...0YD
.$6.T.I&........b._n_.....M.c......i.v..8....g...C.....1.md.C.....5rN..NRqrRv......T.>^u)[..k.....x...._F..su..}SW.....
.............k.......gT8....EC._......Uy}..k...Tz...:=....,Q..l..L..+.. .......5k.....o._.......o..^...U...hu[s.}......
R.n.9.....x....../..I,.}C^.>.E...K....&IL"...Q3,..........y.oi>.???..a....m....~...i..A.'....N....<...6.JV{r......2.C+\
........?cO.h...)gk.....b.-.d/ob..H.)%..)"v,...f.T.x....I...-t....2..D.X.c.qq....i.;.%.P.PL.HX.n...D....._N.1..v....q%.
...q.Z.`...8..4Cq.c.w...q.)5;^....>...)s.............5...7...|W.!..S...1m......?....ip.I..!Yy...m[...w.}....+.....|@.*.
.k][{.eP..}.lm ....t....s.....o...O.....8V...y.....b....!....`A...j@...;.F@....w...#x.K?..<.F....]KE...6.D6zk..6.s.a...
..1...C.d....jG.&..Ec..C.d..T...l.i...$.....+0...6..:_...> ._..WP.g.-.^.n...e......c_".cO....G..*\..=(.......Zo...G..N.
....<.6.gq...<.3.0...%./.....+.......7..|3`...\.u.%.[....-.={Wa...N.$e..,..Q....B...^.2.J..k.<._....M....>../.....U....
.....fKA.\...R..6..$...HK.$,o.5..K@..9.}.u.J.[T.z.k.w6.W.[I..U._!fK.O*..F..H...*....G.....................YZM.0i.5../.3
...Fb.\1..|......M...T......>o..... ...%.........K31.6.<.w*+...p.."F....$.G..N[vv.......J..+fR..\y..JQ.RU/}c.ZvQ......O
.........!......5.R..I......Gio7...o.YV.C3a..WV......g...x....k.~..k.m...Ecco........U@.pN..*.P....9.5.......cI...4.:..
..v.../..5......5.qq!wfk.....6......j....d{=S./..KX.....=z;9.u72...u.(.J..6.d...:.{..K..w..v....[.<=.O.-9$.|....[..._..
.../..5+.>.x..E......O.5G.......1..(.c...3)2F..>.I.l^....h+....<&...t..W.u.sk.L\...B.D.X..q.Pn..q....7i.o.E..<?.+.q..V.
ak..<.B6[..I!...^{.$1.........]#...E......mC.zL.]..M.n.E.....|.....0....zq..wivg.N...fu.....S.;..Y..tE...........m."...
-........A..+.5.GO......o._My}..~.a.f...+u/.6.. ..m....[}.@..{..%o.~.^8....".o...o.(..40...F..1B....r.'.1..+...t.>.|9.K
;.I....(E.../o........o.3$.D....W.J1.c......S.........k]..5o.7.?..$.Z_.f./|5ky=........o+J..pRI..r...}..:.......x..M?.|
Uo%...j.......V.NS.N.-...l&T.Uy..|k..6....`..k.<e...k....j.It.x.y.[..4..'..c....e..T..4.......h....F.N4O..\K..i....W...
.T;....1..Q.....i-6....>................);..........>.x.......SL..m...V..[^5....tS.Pp.......7._.Q.SZ.U.....A..Z...n....
..k{{.-<....+?..v.*..I.)|L..L....t]<..]..r..Z...-......$jb...I.`..H.k...|0.....~...K.e...H.v..#.*..o.r..;Fz.....rp.....
.O.N8j..v.......mnW.....[..x{ZO.h.z.K*.}.O.I.....8..=....W....'......Y......K<...2.Q.<3q...0R>4.~6.......\..o.i:...iln.
........d."?l.4(]F...$...q.g..kV...au.-.j.o."..{xw,..jN..`.Xs.pEu..Q.x5.^.j<...j..M.-|.v...'....M.~"x7.V:k&..x.hd...$..
.$fe..E."I..F..p..WP......-c....kq.}Z.......W......h...i.....Oh...tG.MK.-......b..R.I'....o.<...w.<{.mCC.<..[.+V..n....
.g...N-A....?.......}6.....k..h...Z........cUU.2U....7.8.^.H.j.......|v._..1.H........g...S*.z.....3.FZ.....|./.....{..
{.%..;e\>.sfb.q..%L..C..?.b..................=G.-.z...&.g./....m..xF.@.r....y..5......<acq.x.k..........=....G..K......
Y&]..........7...._.[.x.=#...n....Y.]..~._4....l..R/-#..K.?.i..1.R.....m...>..!..'.!W.T...5.y.m.{.Y.{.s............:...
I..<-u.I)U..d[dX...U.....ng......C...e{.xwV............T....!K....g..].....h..V..u.....h.... .....r..0w..........e-{..g
.......S..[X};A..Q..F...9..7............3......5/.|+..]bKIu.6...Kfv.B....,3.I.L.f......Q....-&MB.5I.3.fgQq$`.....A..1ZC
....o.f........._.|*..Q..mZ.]5....{%...y.2;.....z.#.~....v.o.</.x5...%..n.Cq.........,8...6>R.<..*D...k...jq.^ .......K
P..*...=B.......\O.....N9.X<g.8.i.'...>.z?.....~....:i^....</...:k........c.t$.#$)...........o.I...W...........!X......
.<....>R..?f.2m......4...3....O.....S...>Hd. ...7S.V....v>a...1..X..c..u.I....q>.}.Goi........c.Y9f ...;.....}7....d.t.
.6Il.U...!.7....f./.K.........8[.5.A....;..^.....g..Tn..Q.*)P...G......~...!. .%...h...f....T0<b..[FRfy.. .............
.......~......K........:...\..{b...mcB.,m$r...1...Hf.+/.x_.W.<e..S.....o.......'..{H.u.d.<..}.@....;.9%V....<q.JK......
.a....Z.....:k.l.7.6.p.|...=.q....P.9...v.l.vr........#..?....:q..r..r.2M(..]...k|S...)k.6..O.....i..|D> .}Ee.d...c.".5
.F...D.L.!$.f*8..!.:....=?D.4.....A..+K.#I.n/.6...D.I#.`y....p....................so.|B..........SM-..[...5.yJ..!d..$dg
..~.?.o.K.Y<R...z..$.v...?.#).j.a*..v.o.f...[aaJu}.o.7}.............:...(.....v.I....Sn...}..V......Eu.....F.0.r..B..Y.
...30...XM.p....*...._.4v..... ....b..at.v.@...I1..pS.@@*U.;...v....Z...^2...../m....F.......2.)....N...d.....<am...~.V
Px...'.I.....^.j..x|.......F .....6....=H.............1...2........]5.........uUh.bHF..2.....3.....s.....|?...C..I...<Y
FCARM FILE CONVERTER V2.58                                                            12/25/2022  01:05:00  PAGE 3


k.3)..fpIc'.;(...|....0.Z...g.s._...?..^....W...[.G..qut|.Sp...|..U....u.?.|......P..?.4.......y>.....O..T..b...W..U.(.
B.T8.O...%N7VZ.....N.&aG....s.nYF:E_t...*V...~.M+...!...w........u/...R.N.k6X..{C..`........Lo.0<.U.....?.\.c.qi....R..
...l0....v.(.........P|G.3.R.]........#>..%...u.K.......^y.&....R..[........|C........................,7Q..K ..%Pc.e0Yt
.E..$.o...=51.*...6.....Z...............X............[..............3n....."-...Im....]....^^hwH.[.G}}....|.....c.@.S.5
......._..n..[.j...G........I......I...!.............yZ..M...W.........:q.%...M.-......9.....</..A.K...._...JgkM..;H.B.
/.0.q.......o....cC...A.x._.5...nlnn-..-.i.V..*"..1..!w6.z..~5....Z.G.P|$..,^g.<e.s*).../E*Y...#..8..S....t....{.v..+..
...Rw...r...t...'.Z.....f.a..qi...{....)...w...b..+k....ao3...x...t{.4...wcn.9.5..!.V_Q..._{:..*........|.........'R...
.<'ff........s%.......*...F7.9......x......7.f....l[..^._0....&2|.e#...}........~.T..-.{.s<....R.d..IM5............?.2h
..../n/4..Kn.)...{.._.`..E........7.........~...x..ZI..w..<c..7.F.......W.....{.I8....!.D.D.....h{=_.....@..MC..5.z....
.i2E.....@..5HA&.A..`<c.....^..4:3Y.7\....h....xCR.....i..8. ....XJ."..1...M|4)..s-;..............`.'g%;........Z......
..>2.{...cs..ZK{.6.TD1yf(f..:...f6....`...s?.5.K\.Y...M..)..4..%O).`...b.....<.*T...tK..xN..O......g....&..Eg..#s".....
....NO..W.o..#&........XtM:....m.cie!...2p.$.:.I..y......%..~.cqa.kqk..so...$B7F...UA.,..b..P...._.l.!xv.......7.=.....
...Q......>.%..M..km.....|=........G.j}b.\}r.....y."hY......0:..Kc.].5eO.....^..s..6SR...]..t~.....~.._.].....[k......Z
4t....%..z.n.=.D..!...P.A........:..q.._....\j.0....h3...Hn...$....E.`....Mp....j.+...O.......{}CO......"T..N.kB.S..I.*
..#i'.k.......V...F.*J.}.8.E{.i...[t>...t{..~......3k....1b.E..7Q......1......NI5.i.)....^i.Z..d[2\....d."..IEc...F2r..
......,.7...N....m.VK.!..m.....u..x.1R..BU.C.8.4.....<oo.....t1......';QZ........8.Wg.m]/...UF.._..f&.....~*.V.....F..O
.....o.....[;..3... .. ........3x{..o..;j.|_.4'..5.{M.6.m.x._...n..4..../m.7r-.(9.`.I9.....V...Y..[.V..}..!.)...c..Y..(
....N9<t.......w...N.._...'..'.o..7.....'...../|..\A.X....<.W6.[.y...ap.....%X....?c..G.3.O..5.]3[.u.};N.Y]*.q.]2..\...
VFV........E.....Mk.....}Z..S.z..k...#.-U.H...,G...w...rv..?aO..... ..x..ZN...2...K..v"?u......p.....R.5...Z....._-.a.F
x<k.!.)...+..&.(...Z..C.`........:..t..k....o.._..X....R2.L<......|...[....C.WV..0....$...H....?wo*..]..%.....z.M;.....
/...Z..xf.....Kz`y..d2.....K!..|.W.....o.x.C......w...Y......X[X.M........@.x.'.y-..n3R........'3.Q...a.*t..e$./y......
m+=.z..F.......V..|K..[.|O....iM.5.7.Lm.j..U..<~..!.;..>>+..>...E..WE....G.JkT..7X1$.b`..w/.....;?..8x.....z..3.0Z..U./
6.swm......1bh..`.9S...|B..>..M.k...5.....m~.qk.]$s...12M..%c..f.@....S.\.J.z\.....r9+..}~...k..m.c...x?...]SK...f.n.m.
...ZF.%...c........B.e.C.J|=.G..y.wR.K.-..=e"...5......1T.....3$..<.E...^=.7.C.~.........h..V.6.$0/....V.ykev...c.^4.,k
8m...u...~5.>.....?..^x.B..E{..xZk.;{.......%.......K.mO..%...e.k.j=..Zl...M.>./..N.(.IFs....ZJ../.i.K=....^........].x
.V...z....u..Q....!W2&mf.......L.>..g=...._....;.....xmb..jv..G...9...7n ...1.g..>.u.\C&....-.\j...P.....X...0...vf.A88
..K.......V....o..>.....G........d_.q.J.1.2I.|...[E...._v..'..T...uZ>k..+.....z..........K..A&.E...b.....=.:....u.d.2.@
k.....ht...Shs....d...8Z....#1......ry..........P...^&.....}...O.[...}.........K..$@.bp..........t?..........[j7:S....d
.E..).V...]7t%.........7....4..\^#..^..{-=N.r+...(k...K.X.H...s..iB.g...<.p6.p}...]+..x."...fM.........X....t.b.I......
}d.....Y.N....'"..M......sM..O.......:.Z_Y..c..W}....!.,M|.'.i..g._.R......F......F..<.X.'....j...Y......#...V....v..8.
...s...J.........\+.5~H...._..o.......}.H..._@.].....n........|W.=...o...WM..|.../...-.8].@...<..)...O.^>........|G....
...... .?...),N.j.81G......wma.>..U.........Co%....hb..d...dW"#.E".6v......cB...^..V...nrg..a..X...i:..MIZ\...[N.w..ngk
>,...?k.[W.......ZYh.x.S.->.o<.&...o....#.!.I.l.A........./.x..I.W...]x...W..zN.i.7..G..v.4..|?(.......|..L..A....cucq.
.:.........q]&0..}.C*.......0.h3v>..a./\..y-t/...5/..:_..o.b.I.-..-.........e..}...\..*.t.[......k..}&++..l>!...i......
..Ut.VJR.N..[?....x....x........o9...~rI.7p..0.(..._.^..f.{.^xw.V....Y.. ...o...U\.c!U.`..g......<....x3......v-g..0.5.
....,y....RT.J.T..'.d.eM.......Gq^./..W....C..g......G..[........!.....#Y.X.....N..V8..i..V0yR.q..9.>C..N..{..:.I.|t...
u.mv9a.....&...q....\FK.,FF.y./Y.G..f...t=>?...e..[O.,\.c.".,...9c.&.y...../...F...}...-...k}._.XJ..VY...e2y...\e....,.
E..}4.....Z.)..5........~...|n..>(...j....xj.O..,..:.3...."....bA...7*i~.?.M..|9.'.._....f.<-.]..k..#.,....Z2....pc..y.
..&.h...n.?.....O..Y.#..$..F.,S*............Un.J...g~......E. .2.5o.jv...6.Mek<.t./(...ZX....b.8..9....*.._...m...D...c
.....e.a.{#.o.N.JR.NR.WiYk..]..l.........".K..........*>Ec.F.!@.d....._.....|v.4......=2......G.....[O...r.....?..H..&Y
...?........`x..Y.4.]/P...[j7....%.VJ.d...Wm....o>.......U...i..".}...<....<-gsimq$7.....6....h..A..$p{......l;.[......
....p.3$.q9Fg..R....f.{.V.K...}I.x.X.v......'.c..t..=..9.s.B.......G.06.e$..^.....|...Y......6....DYj."...cR.w ..#...b.
h.~..9..{..tc.3.p.o.......4|(........>=S.:SX..5.7...qh...... .X....w.d.H.+......d.n.Y.....n.7Z^.....8.\..I.....,.K.(..|
.y.......g..+T...=...x.+.-T...Z?!......;F.H'......~$K....?g....}..0j.~..vb....z.#.......8.D.......]{......J.^^W++_....i
#.CV...........4.....#..BQG..l........e...D..\mt/...ya.O3x..1o..#....B}....../..........$..xG.Ti6....1...4sY..r..J.&A..
...v.v....V...q..=...F.7....?.G.0..G.b..L..0........T./.G..w....[.{H...h..........Hh..4O...k.....c......B.\.".T 8....2.
x*.S....Y.\...GK....Gs....t.......q..s..A..W..B......O..,|......&..p.Ga.`.x ..Fk..Ux...}....+...?..O.......Zh..........
 ..Uq.......Q...6.U.{.....d.+......r...........................mI|...QC. H.T..M{.....4.... ...|R.Y...O...].........>...
.B.m....q....Zn.......o..Gm.}W.}Rc..^e.d...L$... ..m.;[.._..>...t7:.R/...EK...-.........B.....sbpjrJ;u...gv.T...->i....
.w.[.<.$.}..A.~.E}y......R..5...-...D-.2.....$.z......O..~1.....j.j.n.-.......h..1.wgXIR.....J..u|../.>.........|[}.[..
...]m|N.r^[..\.......r......l...j.......S~.~.>..n..k...I........A{xD1.Oj..."..$.R.....K(gd...(.+..5....6..~...eS....<.S
.~.t...7.i....Wy^...g.=......+..?.......5.~]:K..Hm.....Dqn.....ct.G......{........66p.....MZ...............m_..DR.>9...
.~.....~.Z...........5......Oyyy0;..-..dbX$.n......_?..........x.X..U......:.[Z.P.Z[G4.1..m>...KI..F$U.[v..K.y+.....9)s
E4....~C...8YO.)T..m.+..[..6.h..........t+..t..&.&..57)o.L.I(gf........0.xo..... ....mm'.u.......A..k...Y5.d.x?$jU....r
..~v....S.5|T....e.izm..'...~$o...>.=..#......`D....f....../.M.gx....<M...O..g..KO.....%....n.si.Kkwm....*.(A....\D..+>
...........P......Q...D..NW\.>d.W..........Y~2k..um{.......C.\[.\..Jy.....&E......ya..."U...........|X...Mx/../....[.ZL
...6.........aI ..Exc...P...T|1.^........c+...[[y......z................R................Kq...N.n.4.<.w9b.....g..y...Li
r..6wP...&.(...'.U..I.i.......A.... ...k...c..V.R...kI...B..BRFV...N0A.&..T.5k.I*..G......../......5....V.>...b..P>0.it
...H.$..M5.......fXq..n..K.-t.......h.2O&%O5...l.N.U....@+.~!~..g...O.......5..V.].....I....2...v......v^..c.....~..=3A
.tt..-ue.......<...n.[..J..=2......Tp...}~~K.6..a..,".R..tM7n..j.t..=......7.6.%.~..&...\Z.........N@........o.u.?M.o..
..k....6......O.....n...r.....T..+z..q.)>Z.I..O.......-mf..$......n..Q....8.c.ul....n.1N.mxw......u..7G.e.~..?...HV[O>W
."....4n...)=9...........Y.KX5}*o....T[.(.F.V9I .d+.....J..zu`.M....9...u.8.wv........x~./.)..t.x~Y...]..G......*.t...`
......q......k?..E.....x.}6.*8.k...C}...*HQ......2....;..|*...$._....]y.y>...n.....Y..m-.q#...J2......!W.A.xG.....~.sx>
.R.......=P.Ab.Y....&.8...#...........Q.M..E..I]wV.m.........e......6.gx.;n.......c.e.U...p.......L6.....6.8...q$P...Z.
$v..4...............W.&....|U...j.{..a.[Qop.....$2H.#`........>.x'...u&.6..EiI..w..k..W..V.........*.A.........?n..E.=.
FCARM FILE CONVERTER V2.58                                                            12/25/2022  01:05:00  PAGE 4


..x..$.".....U.m..d....&...h..!.<.z............y[..p.ex.F?.[...f.....n....=.j.+_{..S...om........Q..7...P.|&.....U..\*.
..v..Z..+.Z._.....BK.../4.....m.25..}..U..~PH.....9....P...?.......RT....S....{O.?..>.R....[..|..2.[.Hl.8...........4..
.k.sy>.^.....%.......r.......(jZ.7pi.j....u0..n.a..FO...X..1^e..).....__-...Z.......[B....f...f.6.........Kr.....T....u
.N.....|3.=..Zy....n....<.e+....*.i...(m.W..&.c.........].....b.E@B..!0J...GN.....8o~(..]....\xb[H......u..Yd..V.|..s.w
...zJ.|"..f...........$s.q....0'....K.QM.63..S..K....3....7..%c}q.....-...L...%.V.0...S...._..........9.m.".....M.[....
.B.I+,..(!.g..].W.<..M./.Z.\,kp..A.v.V(H.....'..z.....@~7x..g..hX\.hzLZ@..W......c)Q......p.s....X.F.u%....O.......8.&.
....W...............R..#K>.,..P.'.La......&.....&.?........._...x....P...u..5.qd..9........!$....I&........m...]x^..P..
.6p.h`].........P6....`F..sJ.'..+........_.7z5...t+.%.T...e.am.....r.Ks..y8...Qt.'.'k-..?M...\.....<........".....p...S
w..M.C....'O...E..l|].......k........[.Q.....!.d}.vD...P0.=c..........O.....g..]..W.!..../]y...2<0.P*G...r..'u{...o.O.~
...5.......V...EH.[n...<...'..O42.g ....L..A...i..L...s...m4.7..f.`.....j...|..E+....`.3SZ3....~..]/...;Yi}Qx.....:s.5.
..{...x.>.(.....3\.).Z;k......O.x.....:.4.3.VK7.mcx-...!.a..p8.GB......`.Fw..d.........S.-..7Zl.d{I~.5.c.w)j.&.+./.....
1;.o.|I.....W[O.....&.._.g,.[kW.?....v.1.....v0YI.......tck...+.A.t...V}6.u.\..#O.FRf..C..A.`O..vr...._3.w.+o.'.......^
..<j..5}).K.... .y.d......../&xy.I.IV!5.,..a.Ve.....?d.{......./x.>.y..Fb..Z_.{x...b+...-.E.>.4#...2..5..~".....C......
=...l&...dp.Y.......2Hu.........?..O.iz...h....=...].ivii+I0IN.{.'.nX..CI..@.T0.....{......a.*..O...V....4....[.'.E....
/...3.O.J...Xym.Q...b3.T."J<...C.w..<.u..K.'......2.O3.........T.....Y...K...r.......J..f...F..~1...Q..{x..l...RH.G.H..
..lj-...N.@...o..1..!x......|C.]J.Y..,-..%.....*.P&2.y.V_&&q...F...%.-.....Z.)PO..n.m...w.GZ.Z.....&.y.....0.........!.
.s)...k.b.......%......+....k.-Ir......r|.....T.P...9@w.\p../..,<.=..V.\|J.....fU..,...B.c..q.........u.....!..Qo....#.
.0..vq.....B.......Y..["...3|..m.<.^..w...=.U............n.......di.mb..s..k....eM.#c...y...E.<F....~#...7....ZM.:..m28
..|.\/."...W.w"....$'.|D.Ka....K.._...x.^..x.>.5ym.{...M..4jI].:.....]C..V....#x..7...]k.:hH.kd...6..gIB.c...$L..32.JaF
j.0.2....o..*..9sF.[.......W..c.Lk...........a......K.M....n"a...?(."3J.77....|Q.Y#.<M.....5......!..c.W..c."Y........`
....o3.......T..qk..C.m|Y...$...km<.'.....8..@k....p.\....&.uO.\_i~"....|...gXO.z.<L.c....F%*.2..`..$..Qm&.....|.V..o.K
..../.mm.I,1....kho...w..zq....:n.H. .].%"S..-..../.....]/S.u.... 2._g....f_.:;D|....gS..\`5|...x......T..ao>...?..Ieln
.0.%..a...2.a..@r.95._...M.F.!..SYy.h...i....O.O...Q.I.r..D...\.v...?...............!......><./.m/.o5...I..ZB.4..,fD...
..&.B..u.......~.......G..a....jw..8.%........9N.h$\.X.6.......|.a.M.U.........4Y<.....I.N.[.6.R#.6...D.......?f?.~...&
........n4....%....1...)VET.........r..W.q..iNI...d....M.....5</...}..p.......z...^....N.....2........jQ.}e......6..$. 
._....}. .;T....C..4o...W.?....4.=......5...=B;.$.(g....................m#..'.....M..{..:I.. .......cq..x......e./.....
.........=.Mk..ka/.m...4.d....O..Z.K,.."E#i....T..Rr..Ge..e.3...cs..2.3\.R.b..S...|....n..|+.4....i.../.Z.....}..S.L3]x
...U...o.a7F.i..9..">.._.<..xb..m7E.t.S\........p._.j..3H.4.A .'...1...J*..;/..h.4........1.n.....t.F....M.#.......Ig..
C7.*H.7...</...3O.Euss5..#..9...._8.:.0,..,....6.......j....T_.\.J;+.Y!...&...s.......c.I.|.0....X...WZ.....[....3.1...
.....K...w...Y..<...._...UJ.M$...y..w.-o".Z.m?U......k+..m.K..\n`..F..'..U,..#.....k....5.....k.iOe.....F.|._..U......x
...Q........i6...ve........H...I.._.P...s".....~.....1....~.o.(m.g..A.@.j..1....`)r..M..C..SB.$....<=.eQk..........h?..
..G=oH.....h...0]jZ>...&.......L..B;...W.M.:.k.........-...........'..Eo...m.......=N.'...vK..TZ.)...b......^...<D.,...
.{..Na.[T....ER#}..._.4..%.WV..p..fh7.*Y..9...@,X;%..A.L$a.U#%.7._>...q......x.[.X....xF..<;o......$.%..DBVHYx...(.lU..
...z...l..|E..5K?......t........[.Y'.n1......*.....#.n|.u.K.-..m.5.....b....d.w/u:{|I6..t..oh.-.4?..:..qg}g..>%F....}>.
MVo....."[.."..q..1..W.l.4..;y...j./......9?.P.Wh^H"b.^.f.h9>x-...p.....?...O.x.Y...|....Om...v..E..bQ<...)Y.0....y...#
_.i...5.............!.t...W.<q...@.h.(.0..........q.'5.k{[.K.z;-7..S....:q.A..3I)]..^......~.................u?...T....
..wy...C..N%.....`.gl.da..L.5....xn....O.@>5B........@-.2.....O..._q.7&..........~._x../.....i.u.E.............*K\0./.v
..q......p]G&..j.B..,.v..pD..w3;M...B.N.U.(*.;.....n..-=....g.NU.u.u...V......9..;X.(....&.....f.&....B........L.(f..-G
.......{.zN..7.....J.......0#....o.v.VL...7/.e..........o-.....zt.M.hb.e...g...?.&&O.e;....5A...=....._.....=&.........
.,.h.x...../sFr...*.R......O.?qq.]4.W......>]..._..~....O._.4....T..=GQ..&gS..... n.m.pK.f.|.|=....|9.......Ag.J..8..1.
i.J....c...p....l...k...M6...U..]b.....QN.f....X.$...).x......f5..W.g...~..S.x...c........S9.4.p..."..0.. '..3.+u..'[..
...|.......q..........S.F.<..?.0..Yv.8....K.4..xS.w........M....k|.k..3Qp...o...U.\?..........g..m2..o..Fc..T....!.{]..
`..<..1..3:#)#~Fw.2V.5.....}5......2...^Z.$.X.E.L1....>.s0v...^..J.J..?......xgV..>+|=........y.O..u.V$Od<...g..l....o.
.|y....[..H....:...@.5...5..L}...x................]..u..Y]\x.C[.R......q`....Zm.D...N$;...Kt......x.o..K.5..X..(....<o.
....&e.p......v.R.Q.#...Y...>..>..............?.o......H...d..D...;$...y.......b$_..k...#......g....... ..wv.!.........
._q......7.......^..e...x.k.CO.O.mt.....Wh........&y.u..v......|Kkq....iz........8'...0..H.Tf{.$..JX..1.r:.oe...kZ.Q...
..8Y..._..o.....eh....f....Q.X..'o............_.O..];.<v.zf.....k.z~......,.w1..0....o..tj....x#..]h....M..qh.M.....Lq.
_K.`.M.;.....1.....g.:M3.6.k5....g...Z.f.&*.y.:.....z#9.%%b.Rr......_......0..}..SZ........O.^.[ts...$.*0.bH..@.8>*...>
........~*....v.....;..-...2.h..)..E.....l?...?..^...P...m.K+sq$~s.r.<...f$..........L..v?.|7..6....-....>..I-..agF"8..
Ta.._......I^~..+........WO..........o.x.y<E..6.<qk..o<^.....O..K<v.N{x..."Ud....,.fX.>....'.M....Z....G.Z.............
0E.r....r.$..vviI%....8d..5W..........o@.W.......4.[..R......n....!,Z!..(B.LV.\..'{...^......MB3..5......v<J...6.>4..G.
..4.sI._.n.}&.Hx'..=R(f.&.PL.....)? `+.(..........z-..7Vr_....2..U..(....L.....,...F.y(I.h.r.v.AB..........:ug......?..
.............jZ-....ar.!'...+.........G.....Ek.......m...: ..7....#.c.r.........._.....4k..8....!.....#...,6.0..3...Eh.
'.a..f..3]K;x..-5.n.C.......;2p..{.;Q...........?.Ek...QEJ.+.V...o.w.o. >.....k.....6|9.........V.....QU..f.-..t_....9_
..-O^4;_."..f..R2....[h...k..9.E..N.s..........'..........J..W....O.....+_.".*....w.~.?..........Z......4.9'.I.....Ek..
.QEK..2..P...j.s..D...?."....(...i.s..D....."....(........W...'..........I.............Ek...QE........5|9-..$...?."....
)?..................(..&.O...5|9..................5|9........Z....QG3.'.Q.4.8'.I.....Ek...R7....S?.......+_.".)s>......
...W.do...i#..t.\...u .........-..:......S..\...[.m.t...>.........B~................QB..1.....?.>....%........Dai.4.m.d
$...A+..3...t..EL..m]...
+---------------------------------------------------------------------------------------------------------------------+


INPUT FILE: favicon.ico
  File type  = BINARY
  Input size = 3870 bytes
FCARM FILE CONVERTER V2.58                                                            12/25/2022  01:05:00  PAGE 5


+---------------------------------------------------------------------------------------------------------------------+
............ .....F......... .....)...  .... .9...5...@@.... .....n....PNG........IHDR.............(-.S....PLTE""""""""
""""""""""2PX=r.)7;*:>H..-BGE..8do5Xb6[eK..K..1MU9gs3S\I..:gt'03@{.V..T..A}.V..@y.6\fH..-CII..E..+;@7_i7_jF..J..K..H..-
BHa..,@FC..L..&.0W..N..I..$)+B..J..R..?v.>s.>u.S..=q.P..P..P..,?D4U^%+-M..K..%+,2OX+<AL..#&&D..%,.I..v.T.....tRNSI..J.e
.e.....IDATx.M..ZEA........%R....TTh.G..,...=......m.f.mnf.A.$..>!..g..Hg..E....}.........k.d....Jo....3.L"J......Q.$..
...ff.,..5i9.....H../mB...w..w;D..+&.W.....D.o.@..RI..B.om...........IEND.B`..PNG........IHDR....................ePLTE"
"""""""""""""""""""""""2RZN..J..3R[J..)59Y..0KS4W`Q..L..%+-0JR)6::gtC.."##?v.U..?w.<n{&-/Y..=q.:iuB..A}.A{.B../IPP..=q.
K.._..L..$();lzR..a..I..Z..3U^1MU3T]Z..I..X..F..-BGP..6[e,@E5ZdO..-BHX..+=AW..,@FW..Q..?v.W..+<A@y."#$\..4Wa\..S..$(*.E
L^..V..6]h#$%G..#&';jwV..-CIL..Z..^..>u.S../HNM.._..\..M..8doD..D..>t.+=B[..,>C>t.<o}@y.0LS.EKT..$'(%,.A~.W..C..%+,\..C
!......tRNS........G.....OIDATx.l..B.Q...u.._..<....v.e......a.6.A......v.{.@...E'..d.I.!..... ..C..T...g...1.E(....SQs
..i....Z...V......).g!..h....t...-i}....<.?...lBZa..4{D...._e8.y.....3.)..?.f;8....t.=.;..:.52f.KZ..l......9..#...A.q..
......V..`=..$..?_.....qM....J$..?^q.......},..s...._Ttt....1#../(..-[....`..`......Z.d5....?.ebZ...i........q..+1..}..
5.....d.G.......IEND.B`..PNG........IHDR... ... .....D......APLTE..."""""""""""""""""""""""""""2RZV.._..U..=r.$()'25]..
C..0LS<o}X..X..0JQ=p~D..<n{V..E..8do_..E..F..H..9dp_..H..I..F..6[e`..`..L../GM_..U..'02P../IPP..X..&/1;ly3R[`..G..T..\.
.a..1OW"##Q..a..R..=q.`...EL+=AT..-CIK..#&'C..^..I..&.04U^^..@y.Z..$(*[..^..,?DR.."#$1NV1MTD..>u.;kxG..R../HN&-/@y.>s.>
t.@z.]..P..$'(D..]..<n|0JRU....\.....tRNS.%..'..(.~.......IDATx.....C1.F_..Mm..4.m{....n.......A$...$b. He...T..W..h...
h.:PtZ.Q.0@.`..`4.-V.`.Z.&.A..#..bk......>.''..`.C$.F....(..x"6X...c..T..L.@I..;d.d-.|.P,...9.R....f3...F.VmM..X.......
@Y.7....N.=.........u.}...+.e.aiq ..76.....=h..Z....l.....}......[F.I9A.k9........3..9......qB~..b...U_.^...[....w..{z.
.v..z..(..(..(.....f.q..G...k.....Y....f...~.:*4.Q\O>.....<....W...Z|....7....jT...n.......`$H.+..GO...*.x.....X*|...^.
..d.....IEND.B`..PNG........IHDR...@...@............:PLTE..."""""""""""""""""""""""""""""""""""""""""""""""""""""""""""
""""""""""""""""%+-@y.W..`..^..S..C..,>C*8<X..a..a..M..+<Aa..X..#%%T..L..=q.>u.K..`..A}.L..8do=r.%+,@y.^..S..)59=q.P..U
.."#$P..\..0JQQ.."##U..#&&_..>t.>s.`.._..5Yc1OW5Zd1NV+=B1MU+;@/GM\..*;?3S\)8<2RZ_..+=A]..,@F,@E&-/0KS7alO..9dp8amB~.E..
P..N..'023T]]..?x.3U^C..6\gU..&.0D..7_iR..H..I..M..$(*?v.Z..X..-AG#$%[..8co[..W..C..'25?v.8bn%*+L..N..2PX)7;=p~(58^..P.
.4WaQ..T..0JRQ..T..I..6]hR..T..0LSF..9eqE..E..9gsF..C..#&'\..`..&/16\fB..A{.R..]..(47%,.*:>*9=9fr:gt7^iU..?w.Z..X..^..Q
..H..)6:V..'034U^E...EL.FMK..@z.S.......tRNS.*............+......,....=V.....IDATx.....C!.......C|.....^yR].M..O]....0N
.2....".....(0V..(.Y%PDT-~(m..!.K..Y..~...I.f{.....a.....3..Op&.......x..#.j....m.m..c)]m....)..gf..hk......gg.......+X
...uiy.V...k...\[.:,..6..j...;.".;..X....f........S....8=.o.;...(......Bk.e...\..7p+m....N.<..Q..O.......y.g..tt...o...
...V.....s.......&_.a....V.~....?.*8..Q ;8..,....f....1..x.......*...A....a#......#.nP.i+..C.,....._..Nb.........H.B*..
. .L(.^<....L6.pJ.P.......%".R,.9..e3eR.a1.(...q.8....mK..m..m...yi!....Y.u...._..?i...+....A.|..{...?.._En.)..J.D.<...
..Z\Ts.R*.(.....J....u.X/..4J.9..5.DE.4k.4.&i.V4.........vsf:.g,...BC..$..........@...I_?.<...!.^.........B.%.L.w...FD1
...(F.....H.%0........(.0......'....N.0u.@.Y.P.W.I.aN.K.....?....=.e.v/c....0c.0.2..:.06R-u...\Q.......6R#..F..6...r...
.u...m......I.i~. ......sP.".......eiy...P...........,S]U..V.......Z..o....xz....Snm.{..wa..........(mg/..........[....
b...q..&.....$..z.....H>a.KT1/..1O..0...h...Y.A....-.>.....X...}......;...N...v......1.....O@&v/.._..\...\.....+0..;...
!.f......%. JY.O...'/.]_.;...'"&N.n.a.Q.^...cx.A......IEND.B`.
+---------------------------------------------------------------------------------------------------------------------+

MODULE INFORMATION:
  Number of files  = 4
  Total input size = 33398 bytes
  Redundant data   = 2650 bytes (8%)
  Web image size   = 30748 bytes (92%)


FCARM COMPLETE.  0 ERROR(s)
