FCARM FILE CONVERTER V2.58                                                              12/25/2022  16:08:16  PAGE 1


FCARM FILE CONVERTER V2.58, INVOKED BY:
D:\KEIL_V5\ARM\BIN\FCARM.EXE board_info.html, homepage.html, atstartf407_with_ethernet.jpg, favicon.ico TO binary_resour
>> ce.c


INPUT FILE: board_info.html
  File type  = HTML CODE
  Input size = 4339 bytes
  Redundancy = 2283 bytes (53%)
  Image size = 2056 bytes (47%)
+---------------------------------------------------------------------------------------------------------------------+
<!DOCTYPE html><html><head><title>zhanzr21's simple webserver on AT-START-F407 board</title><style> h1 { background-col
or: lightgoldenrodyellow; } body { background-color: lightcyan; } </style></head><body><h1><font size=15>Simple Webserv
er on AT-START-F407</font></h1><table height="800"><tr><th>peripheral</th><th>Information</th></tr><tr><td>LED</td><td>
<form action="method=update_led"><span></span><div style="text-align: center;"><div style="text-align: center;"><span><
font size="5"><input name="led" type="checkbox" value="2"> LED2</font><br></span></div><span><font size="5" ></font></s
pan><div style="text-align: center;"><span><font size="5"><input name="led" type="checkbox" value="3"> LED3</font><br><
/span></div><span><font size="5" ></font></span><div style="text-align: center;"><span><font size="5"><input name="led"
 type="checkbox" value="4"> LED4</font><br></span></div><input type="submit" value=" Update LED "></div></form></td></t
r><tr><td>ADC</td><td><p align="center"><font size="6">This page implement real-time sampling of voltage, ADC channel i
s 4<br></font><font size="6"><br></font></p><div style="text-align: center;"><big><span><big>Voltage:</big><span style=
"color: red;"><big>%.2f V</big></span></span></big></div><table border="3" cellpadding="0" cellspacing="0" style="backg
round-color: rgb(204, 204, 204); width: 520px; text-align: left; margin-left: auto; margin-right: auto;"><tbody><tr><td
><div><table border="0" cellpadding="0" cellspacing="0" width=" 363"><tbody><tr><td bgcolor="#33FF00" style="text-align
: right;">&nbsp;</td></tr></tbody></table></div></td></tr></tbody></table><table border="0" style="width: 520px; text-a
lign: left; margin-left: auto; margin-right: auto;"><tbody><tr><td style="color: rgb(51, 51, 153);" width="14">0V</td><
td width="14">0.5V</td><td width="14">1V</td><td width="14">1.5V</td><td width="14">2V</td><td width="14">2.5V</td><td 
style="width: 14px;">3V</td></tr></tbody></table></td></tr><tr><td><a href="homepage.html"><font size=15>Home</font></a
></td></tr></table></body></html>
+---------------------------------------------------------------------------------------------------------------------+


INPUT FILE: homepage.html
  File type  = HTML CODE
  Input size = 1049 bytes
  Redundancy = 408 bytes (39%)
  Image size = 641 bytes (61%)
+---------------------------------------------------------------------------------------------------------------------+
<!DOCTYPE html><html><head><title>zhanzr21's simple webserver on AT-START-F407 board</title><style> h1 { background-col
or: lightyellow; } body { background-color: lightblue; } </style></head><body><h1><font size=15>Simple Webserver on AT-
START-F407</font></h1><table height="800"><tr><th>Board</th><th>Image</th></tr><tr><td><p/>Main Chip: AT32F407VGT7 <p/>
(RAM:224 KB; FLASH:1024 KB) <p/>3 I2C <p/>8 USART <p/>4 SPI <p/>2 CAN <p/>Crystal-less USB 2.0 <p/>2 SDIO <p/>Ethernet 
</td><td><img src=atstartf407_with_ethernet.jpg></img></td></tr><tr><td><a href="board_info.html"><font size=15>Board I
nfo</font></a></td></tr></table></body></html>
+---------------------------------------------------------------------------------------------------------------------+


INPUT FILE: atstartf407_with_ethernet.jpg
  File type  = BINARY
  Input size = 46909 bytes
+---------------------------------------------------------------------------------------------------------------------+
......JFIF.....x.x....."Exif..MM.*.........................C...........................................................
.........C.........................................................................T.."................................
............................}........!1A..Qa."q.2....#B...R..$3br........%&'()*456789:CDEFGHIJSTUVWXYZcdefghijstuvwxyz.
.......................................................................................................................
......w.......!1..AQ.aq."2...B.....#3R..br...$4.%.....&'()*56789:CDEFGHIJSTUVWXYZcdefghijstuvwxyz......................
..............................................................?........i.U..<Q..:]..}.YizR...gu%.M4....I$2.......Fti...
.l..:g.....P.<q.5...(a.;.ku#C...9.,h..4`...U!N....9...?.?.h.....k...........7.[..........i-..h..gd2..D$......K..<.B."..
M.h-.Z[......*.Nt..Uek.m....g.h..O..[=B......... ..P...C)....A.......-..f?.......|H.f....M...j.0..<h....3.!....=.D...E.
~..Y....|-..z_.&...}....-n...].0.06.m..J...<~..t...o..._.x...n...V.6:m."...N......*E.,-s.......*...XYUt".......~'......
......$.RS..5....]..[..}.O...i.k...E.......D..Y..IcV.q..@e9S.FA.#...A][....,.(.w. .B.......%Y......!..+\....B%,..BR....
...l<e...........h....(fh.@B.",q..,K...f#...o.........]_..K4..p..RV.........V....[v........u{....o.^0.\.....h.ck..2;..2
...e..(.i&eBs..$.....a......|B..ygpYT.q.2F.....[.......2..@ ....u...9..-'I]{K.4.]....Ayix..o.y.c{v..r7......1..._._..K.
.....[Y.{........*,Q..,.8.R.T...jo....GO....Y....>}...>).[F.%..?.>)=........n.{.I...5V.L.B..d..........2../....6.n..j..
....Ho&../f.~X.$.$.....~.../<[......6.R....Ao..,O.....%......'.1.1\..UIs..%n..S..".f...^I..}u.........c.....t..A...|...
!.Y.G.s.}.u]>...]3..9.!....V.Ga.A.A.........C.....M...J..}.kPx.M>.......y....h,TL....\....@..A....V.c...oRkb'....Wk.(.;
FCARM FILE CONVERTER V2.58                                                            12/25/2022  16:08:16  PAGE 2


W..U...j.x..6.g...xn5.9..*.<...J.J.|..'O...-./.......E.....6..R.kX.]HMy`........8.cnx.. ..b+.v....6....Q...........j.e.
.Z.&v...[..B..L-..bT.1...._......|{..+..h.v.yui.. Y"X..d...v.......Su..$..%b...s......Ee...M.........N..em....Z........
..h:o.u-j?.^6..ty|....%.....X<p...\0r@..........?g.w..~ .<q...>..H....*.r.N......s.V>:..~.xCW........H$....pa....<.4..(
.......3..y..<}..S......!....'.._...[T...~........ed...[r..}*f.)..Vv[$.oM_..h.ok.W5.J.,.v[$.oM[..V.j.....R.g.G....t?.j.
<y..>..J.[..m...t..M.F.\.r.Dq@.@.Kc....U$y..<Oq.....Z..........xGD..5.mB..|....i...$e$YT:#.o.%..........W.Dj.^3.$...L{.
Pi>......l...,...n.."v.3'.>_=z'..}vZ6...>_=z'....-.Z.z....G._.......w%..m...5. .r(e...8#......R....u.........-_..&...|.
...k.)...cu.x.P.......aim...y.(2*.f+.l<.}.w....^*..>j.\.....&...i)..Rk.jG..k.........) ....F.Q.6R.E..]....vTs..-.OH..].
.W.Evw....'....._.......S..:_.....n................,....#%......J...7.....|....Z.u_.j..<::.:....{m..G-....HS// 3F._US{.
...W-..../U.....5..j>.....0.sk...C......v"G."V1.2.........=:...M..4z=R...W................t?.j..R.............W..|r....
.Z..u}7.ZM....[..j3\ko&..u.....P...h....s(0..4?...D..5.Z....Z..}.O........o,...o...~.D......h6.H.....}:.....Q_.E...Kw..
.._..'....._.......[J..u........>....y._.@..E.f..3.....m..Dm..6~o...<a......Z.6..o...........3m....^q..U.PG ....@...k..
.N..j...7..[..i.D>..d.....wtR...]v...?u...I&Y..Q....}zw...2..iGMRzG..^....zO.)I...w....C.......)?...:.......y.........A
.?.......b..T6z]........xc...]...0#wk..<W......R.....}c...]An.+....;CjW..$9G.O..#....H........................c.R......
..t?.j........[D:.....\Z...k...........q..qQ._.n.?............'I[M.T.R.%73..Z.D..E..&6'...>.....6..Z....?.kZ.y.=.P.....
P$....%..y~X%.D....6.Y.MY..E...w.mES8I.=5.....M...S...KM...<u..........I....9.......x.......^..V......._x.K-u5.J.H.!..&
m.....36...dI....~<....O.//,...t.&.E...-I........M.{c.9T...1..$<.sN.....~....[K.......s..g.....mKX.<u...t.i..\^.JG..c.+
.....I...w....C.....5..w.Z..kW.......oC\Cy..Z..E....ZK.....B..2I;e.H...>.....^....e.Aqg.V...b.-s8...00.=..@9.dR...ts.i+
G.e...SL>i.g...=..{t.....wN....}...a{o....*T.'p......6.2oa....5.Q]^...Gg.'.%.G....V........l?.j..R...;.....a...U.QG....
}b..G....V........l?.j...x}|..X.....^..jI$..u...M$q..$g..(.w..#.%..X.>.\_..._..;...>...W..Xj6):CvV.&...2...............
.....T+J...9......E.......i...9...U....w*....w...4l|.C$N...dY.m.....A.{...6...\FR..9..ms....\...*:....8.._.|;.[j....Egg
.k...X.JfK.".G.<.Q$..w`.....#.=_...It........qU7x.&.'r.K....v....o.;.(...S.......j..4x...OW...........o...D..-.}}kq....
YI.M#.....F.8..}.$%v....x.o...Z....Z.....w.2.._......r:d.dm. ........Io.?.$........V.S...[.[.....4gS.*...2F....G.<..2..
....}R.....~....b.ap..e......jtU.c'...M.I..F_T.....O...5...[T.K.N.o...........b.......v@B...n5.../........F.........R^i
7......~....x..<..$-0x.q.`.FG..~9.=.....~-|dY...q.L.H...)Wz..>..%H.U...QF...N../....&..P..n.h.R]I...L...oxE.6.....<...I
..|.....h...+........6.9..\.....S^J5.iue.'...M..)G.....M.Q..../......v.Cm.C.Z...K}..d}....xP.6..9Bs..........]_..K4...h
./a...95...3..3....<.c..]....b[.Z.*.....><.....O.x..~,.........yy...................Y|...l..G..>h.....y.........W.Xz..G
.Q^<...N...;....I.}.E.W.y.]gZ....s.j.v..6q...7..P..2....P9$...{.........K.P5...;....w.N....S^Aq.[..o..{[V.Y..6.K.n7...M
..S..'k\..............Gg......wqGug5..!x&P..mw.nB...sdt9>....qMw_.9qT...z.~-..?m.....R..g.<..._...n...>.x.Z...u{.Aqk...
.I..im..>d....0O$.e.q.m...#.r...-......K.8.1......\_.t.}.....v.........PG.H5..UQ..p..V5.....oG..|E6.vK}....C.u./."|5.%.
....8|E).}...K..<O.v.r.L.....m.1.vH...........m6.I...n..m..KmF.=........q0Y........B....u..[.......<'...m7_D...F...s.-.
.X.. ..k......z..N2.Rk.W....v.x\5...).&.m_.v..v......Q-........<i._x...xj..}g..h.........<.4+.C..~.........w..O.;}S...,
.?a%.....w..6.F.i..._&`....2...........o...k.(..4M+L.....O....4...X.!...xDd0...../...xGL.;.............E<.6........H.Q.
>.i<..._4o..X.....zm...........S.....W.[..$....................Oo3E.^;5.....i....K.g.a.6Wb.........b...._...].v........
...'...m.....f.....fW.<1au......t......q...<y.H..>.....^.{...$]...h..*.6.^.....n..c.Wk..oI.Q........Y#..-.........14Dy~
Q........}.^.7..g.....jR......e.}.........o>.~.p._..Oi....i.q.<..D.....6...ys...T.\8M...W.~.....F....<...ri...'.hma..".
...v.eY<...2.1.Z.........._.......n..?...[IX,48Rh|...2e.Z3......W..vzG.,..jo.k...=....5...]w...l.\...3.o.f%..6...CU....
..]{...SO..^...n...j.u>w._...-..7.gO.~'x...w...^.I.<S[.J..%...y..3aw...yy]o.?....|1..b....k]/MW.-.v.#.Bn"i^O........@6.
.{...o..6~.x....Z~.......ZY..........W6.......y.g..H..f..>.}.O.?..W.Z-...h......-..-.H..p./$H.....CH.<9..XJ..j.?.we..N.
.Y.&..........u.OA...X....3.......m*ay....krmcY......Uq.~B2......:.q.............O?.......})........{G.$..n7l......o..&
Mc.......{L[.6...E.K..mB.....q.&f&...U............Z....RZ.......D..m....x.g(-..|....jF.:F.....Z..;>......n?.*kt....]...
.nq...~.............[.ip".S%......&I...2&TM..@..E.;o.x;....Q....|@.G..4...t..Aoj.....x.....G....>^.s^.R..|%....-2...1$.
Z}....~.....cr.$RG..Y..r...I.z..|1..../.W.6......(5.u..".x%...J...'."...*..OJ......t..........]........wS...|7..g......
.e.7..xro.[Ksv.S.4W+........".[...).azo.>...p.f.w.7.pA..[...l.}...#.....2fUB..B....'.c.........o......U..G..]E-.....pT3
M.G.. .!Q.fdF....Cw..*........K.K.>....e.."..W.q.b.-.....g.cB...a....n.E..OK'..N.u...<#....~......!k...]h........(.8..K
.~....'.........'...U......}....I..|Q..]........!.X.b.J..FJ.%<...~.......j...\xcO.o..,...w.....{....2&"I...Qc9.........
.....9....*.xO....^.o..mu._.....O2?5.j...T..i..^........z...J.VvW..{k....!.7._...G.....~#..*..<>V.....4f.I_h6e.UBp...."
....._..?m.....C...$......fckxl!a..Z;...hv.....x8...:o.|7...].o...xn........Z\..._.[.........I.XY......V4M.Go.....i.M..
..H.6...U.....e.y.ndx..U.2."....%.]..g..o....}....4....7...E...>M./..........~#Is.]#.WR..Z..=......8-..H.*.F.4....+.._.
..'.W..=?.v.o...E.]F<.n..h...,..F...+..2.....I....4{_.:.;....~......t.<3sus~....\*~.....W~..B.+.$.c.}.}q.....w.v.f..Emq
y.Y...\.ion-`....H.A..F..3..i{...;Yy..e...5.......e...K....+.=S..S..6.>.../.4..k..-m....iw...$......!...+...u...i?...W.
:.....i-....BF#%<...2.]..HbK&...../..<y.m...i6.t..E...f......"kIV,............j.5..$.I.<..%.......|J.... ..9..!>\~f....
/..............|.J..N..k..........5.o.|...~... .....N.k..lR..?.......n6........l....N..x.....4..C-...!.....P7.u..03E..b
..8Q.Ey.....Z...i.8........mf...x.]=R.....N.4.!h..N.3...Z.K. x.............@..:l.m{om.O9O.+...B.K..D..J..y5..q........:
...)...V..k}...[...;......z....+.....'....-.............:.."..q.....r.........'..........mw_.>...[].....(......[\...e..
K....k...k...9.va...V..'..J.S.#g*w........|i.....x..>..X..G0jq[Mte...l>.w'....Q......V....lo.('.to.~.w.Z.........v.....
..|.._S%..........%.m.n./...w...m...N.}.k..t...hS.F8t....".........H&$.Q..w:./....em.Z....g.T....Q.a.O..^..u.J|..)%..I.
.e...V|.K.8.......tK...<.EO.I..n...VZu........Gn#.2.#...F......S/.|S...2...!.......u..../$i...K..C..2..U.YVP...7.......
K...<....N...O.{....N.5%x.!.8....9b1...@...Z"...|=.....f.....".X........ab.S.6.m..)..l....FP......"0...w&.w[....~.j|.].
.^...J-F.......j+[77.Ug.k.I./.5/.....x..Y.._.f..w...k.....9u.g...Q..w:B.].!.\..;............6...6z...%.H....!. :D..".(I
e&0..#.C........O...7...uc.xO....z.9......K'....]BuA.+.1..a......./.|5..q.j..y~...vW.....cHh..i.2..Hi6...T..o).'uN...W.
{......].X.l\j.p..6.8R..N\..S.Rq.....t.=P...._../.3?......%.#..C..,Q..2Qe...._B...i.m]N..|....n.,..R.e.+..yfR..........
...........[X..G..L..ml.]....X]w....PK }.....+..?...../.....\j....,l..*.+?.d...Z.K..ea......G5.Q...U9..zy.!G...5UI|....
..}.P.....V.u.3M.~...X.......G#@4.ca#.z_.....FW.O7....V..v....;..t.?\...:.D.....K.[I<..;.=.0M#..1.t.YL._@.umKA...a}....
.Yh.......W.e...2...`........S.%.../|....r..G..!.H.....I........6{|...P9.Y$...g..5....R.b.*.N..}.[..V.........W......SF
...b...C.........N.%.VO...m.K...m..[.*E.D.$.;.6....c.._......o..G..-|;.k.............7V...s.............`....F|X..[....
FCARM FILE CONVERTER V2.58                                                            12/25/2022  16:08:16  PAGE 3


ip.C..y.H......h y..&.........8.4N...(...O.......)F1M?(..m..y#..g?..?....u........T....*.....up....]r..........<a.={..$
..U...A..#..........+.g.E.Z8....".W...D.^.].e.M(-5....j..T.K]....=.C.:..<.6....^...Xe...7.~\.!R..*.J.....T..|....GJ...n
....t.y.?.%.)s$2............`....*..\.....M.f......o.m.{..m.-#**......p.O......4i..X..c...d{...A\....z`T.V..<o....>!...
..>=K.W).....e.4.........*.&.h.o5....hV...>.......q.iz.Mo>.>.....^F....%.....c.{14d..UrI..W..#.....h...6.....M%..0F....
YyRG*z.._=..WP....x~.^.,.....W..F...$..w..1.....cn<.R.C....._..4...]|.m;.8.<K..y-#g...%m;.s.o.[A.^..V..h~.........o.Ay.
......n.6...^.-......./..][BY.O.j.rx.u...[(YO.2,.@8..1C.}O.G.Z..)4...d.$Q...%.0..`.U[.f..Vgb .c.H.W...A.|.....~..6...R.
..h4K-:;.[.....".".*...%.T.J.&o01%..,RM.X....U~.O.X.......m..........x..._.~...:....*...cp....w........| .."....'...Vo.
.~....qa.....P.~..;...~..>..N..V..~.....o.....{..ZU....Xit5..%..a..(...&..vH.n...g)......_.'....]&.....s.K.....F.m.^.B!
!.!.H...:.i.S.7RiK.6v....-=m...N...*q....j..O[>.c..........)....M.-KQ....)........2,...[..P..v........_...V..x.I.......
...B..p..a......f.t..t?........v.}..w.o..............q<.F.v..y..Kr......*......o.?...:..6vv.^.Oo.....!..........q.8.*.%
.....T.w...8..}..o...9^2....h........g3.x..s..+.h~..->....,a.....D.k@.A.S..YY..(]...]?.........F.wc..I.._.-.....n.%....
..T.D..YC%.lG.e.1......<.a..~...6.....cGr.j.".c...9;.,..h.y..I....u...<+.g....%...........m..#...M*........AR...F......
......=.....Tg+....[4...{7.t...;.#.....a.MSU......N.].NO...h..D$r..0....g;..u......~5....I..:O.>/._....^.....|%........
.2.*.....{......G.Z.....x.|..xq,-.m5...*.......#..e.FFB...].....8i..,.^...'.o-.Y}%....Rsk.......!V2.Dwe.YJ...8.T..T...Z
i...\.2....C.Z...._.7.s.....o|c.rm...Cc....>._..g..w..O..J.mU...F c){....4?........G.]J..4......"....+....]e........OR.
..<.......S........^.)/&.......Xf.:`..q.......V.......~..g..O.i..P.:...rV.D...<R...2n..d9x......u.:.MrF.....F..U..g.&..
.Y;....G./.7.]u.]h.7...W...k...H.................G...^...g..O..f.A..-~...e%...[.)n6E$.H.d...B....m...[x.[....x.Wmg.....
$.{+.N.^.V.X.Qh.Gw.wJJ<*.....Z.F<...c.#M....x6.N.....t;(mg.....%.@........gv..Y....%^I$...........j,L.IEr.^:=n....klutU
/.x...^.....x.t.y...#i.#.K1......A'...!........Zks.jW:<.Z.g...M$.N.G...q.2H.r.&.,T.k..XC.v=.....i._../......c.K.J.....}
w-..[-...fy...Mf.m8.I,.@.s....i...t.6..Q.R..P...m.=/Il.R.3..,.xd..v(f1..lY.....x7_......f?.__L..77.G....Wb.#.]...I,I$.M
R.~.|?.4....e.[{h.YLz..$m...*..c...$....eF....}}...D.jP....7....O*..s...........U.m.mBu....eab.M..'..`.Lj........P..!k.
.......?.K}..FO.iw.U.....O ..A.dp.E..(....d.9<W...........#.......=HEu5...ml......Y...;......s........hv.SxW....m...}.M
2m.,.(.oh..`09..].b.Z......n...........R}-..........K.................?.?....\...O..W....}.........7l...c<g5......Y.6.#
.g.......H...s.pH._..x=.8...Ab!............{....?#.(.s...x.#.j..7S..4....,..^u...L...F...............A....;.5|M.....{.\
.>.........,.<?.....<...yF"Ua. ...d&........>....{...6..x....|q.O...W.y.i!..(..EV{...$.....R..E.._..m...s@..<'..j......
]x..[0[...q...<.......Ws%..Dgp.2._.o..l._...*...|%.xo.....-.:...N..2...Ej.....I....9..K..6.~?.1*..Y|.VK..=.~euk..+...9.
..r...R...*.U..W.....O...6...+..._"...C.`.c....<.....}zK..I.Xx.{O.j....orC....v..iL.Tv.#...._......M..<N._jo~.N.....],.
2@....f=............G.7I..l..6..A...xR}F.X...d..E7....yeh.eC.'<.H........b.sP.Gq6.....W~...].N..ya...o.I,)l.h#E.z...(].
......).J7V_.J...vw....<g...x..w.<.g.I.F.f.M.^.i..9....H..O.%......l..]z..o..|.*..g.n...7.......G....aJ..=..E........j.
..........2..w.g.i.#3[....B..NF.. r.....[......o.\.6..7...)...Y..=....A+..S%........|.z..w.......4.... Z.9.X.5.........
4......e..n[.....^.....i.......S...8...R.QO....)%x.$...J.W..i..+.......bm........i.5ek.*.DmJ...<.v....9..X`...'.c......
.L..E....[.i.Rj...Y......[.x..yv..~b.~.qT.NM...kA.F...h)._.ZG.[.5....5-a..f.3/.....&F...7......~...?i_......;;-*.=_I.Q.
-....s^O.....t..#.........}.....R.."?./.Y.$..-.P.I..`......T.....aI-n.2.RA(23.u...J..m.......wZ.7...q..SK5...v...go...`
.1...>.....~:...Km...KK.f.Q*-.b?..f,U.T...".....u...i.M<~..o.}.E..."=C...->....S....4......;W...[...M8...i....S.|......
.|[...a.k.|SiVz]..H..E....P..!.J....|.2T0.Y.'.:..}.S........$.6.c.}.$2..1...a....dQ.Ub..u._....K.|.....Y......{..;..seu
.!.LI.8.H\[.p...drG..7......?.)....A..g..?._j.5k.%....J2yB/6/&3.....I..2.>.LV.....OE..W..ni....>...o78..-7)>v......VQ..
..V}..@~....~.\x....u.R..R......q..qm,.X.[.hD$>.."..!.....gx....._.O.=Jm.A........G....k'.<......q_..l...G.o.w7?.~$....
.......wM.N...6...9......d#.X.{w.n.!q...8.ci...<k......g...X.\.......dxd.w..A.R...\Q.1.......P...~.O/&}.'%..r.Ej.&....%
J.,..V...Q..e..%V...A.....W..(X....OU....KD.. .I${./..l..U.2.....~X...mZ..6....u...?...[\...<..^d..)....VlN~.v.!H8.M;W.
....6Y. ..n$...,0.$....Q..3...t.....'..r_...{.I...V.4...-..[.......~./..i....#.....<..z8.EJ..c$.........i..............
:.....Fn...$..J.#..m.[....\%.......g.....>$xY4..G.9.GY&..(l..K .N#Y$[..($&.`.7...?dO...e..|#.G...>..R...n.x.#I..`....q*
.U...$....-m{u4....i.:xY..?..,~..=.$X!v.......'.4....W....y.[K...z]..:E...KH1.R.A..)6.....K.KoQ....p......];...M..y2.a.
W......I9JJJ..1.ho..n..>..n.!.x.hb..m..@.6.\..8$dv$w..........4...|'.G..GZ...t.[..y....b.".o)..;.9"t....X...0..U..M.z5.
;3..]:..QZPvk.!]>..k..b..#K.oe. ...q..>......4_..>%.....b.M....SX..M...2.....7.8.O$.%...A.I.U....eF........s~+..Eceao..
..........Y.P...b'@....#.1...../..x.......~..)J.n..y2.....g..?._...........y....".........xwM..2..J+.......$.3..^7...aP
H*...............4.....Z..u..m..41<i!.Y..e2...c...*.....*mVo.....`.N..v.z....s...4{..kZ...[]7..~.e..u.[+K}JG..._.Q.K+..
.....qF?...X....J..~....~....$..g.o./.%.eefi!.....!...IRO'......u._... ..e.....Zxm.up..\..yb."... .!+..'E..............
..>$..U..0..........j30I'..I....]..n.e..=....X.x<.'QC.V..............a..+J.cIBN..}..Pq..o....I.6.d....k..M.|M.x.S./4+.O
..$.nC.B.L.Mg......1.1WV.1...........Y..........\...W.K{m...A.2].......Y.....f9..W...g..^"..#..x^.K.^...P.....gI.....Y.
$..[h...1@.J...x*...tz.]o.......}x*..........Ws.~.|5......O.t.K......i..O..UF.!eT..../EUP.hx.._..G.^..j...+.y-.H,n.X..R
Q.....{...+.Xh......V88(.&...._.~....U.._.....>.YVcx...^.U.~..yx.0..p.a..^.i.....|?...N.;..6.;Y.P6'..C.....I'..[.QO..K.
7...Q...>x....b.....V.Z.[.wk0.$3F$...S..k..h.......:.O.....:..H-.6......@-.w<.v=.zmp?........t/.;.....R~O..dW...g.3....
E....k_.|'_....h:dz.j.D>.8e...p?z.1..9W.h'..m~..V.M....C....o2..".2....x#.5.Z.....W..=Z.BO...!....^...n...;.....".wn...
.....Mk.s^_.7....u........T[v.....+i..}..5.u....U.5..PkI&.lL.........$..n .9.PH..F....J...$.,....;3kq4..".M.....a..>lm>
~.b./GE.|.....<.~mk..........<......g...W.~..?.............?...... ............%~.....y...w;s......go.%....OS.....h...W
.m..?U.2....5|J..........>.....+........+...|..../..o.g...|1..4.........'.,.$.xrMJU..o..tH.X...x.7...!...~z..qm....]&M'
........y..h...+0]...B.d.........B>..h..<;&..k6...x.X...4..#....Z.-...t.$P..$....F....o.6..........k.I...l...\J....XF.4
.b7H.%.....g..J._.K...o.U.;u..g~...m/..Y..e}:-m}zY...s.KP.|.......q...................*..|....&U.....mm...7...uk.......
../....V.pn.......y...3...C.....Y.#xG......r..Y|]....Z.7....v..Upwfg.........?........4?............j..j.qo.....0.|q+..
..NZ52..v.....T.R..Z|.u.J..].{.d..~....F..E_k.c+;.*J....'...<....>g.W...%.y....mx.O.S.$......m$.z...,....h.).CB..W*.8.G
.....k~1.#uk...jzsj...&...w.B.V...0K...1M.a..Y.g.......~....1.HY.K..&....oH.....tk..#.j..I*2....o.H.?........#....W.z|.
O..M}..oB.uK...'.q...O.<.Qd.,72...d.p...2.;.).v....f.}.m.=O..qP.f.+{Ne(B7r...J....Q%f...I%.......c..;...a/.\|L..V.l....
C....Q...N.....L..b.|.....u......;.>..x..Ph:....v..g.A+.e....~.............?.4..[.....k..L....e.um.mN;XO..{....+*&0...`
6.I.......W../......I..T.......e.....x.%.._..?}...k.....>..90..........._...T...3Q....#'.........T.V...j.l.......G.?>..
.g.&.g.^.D.....B..i....g&......>(..../.C6......a..;.f.J.........G+.Ua...0%O..f....x9|.}.ipx.P...1s.6..........g........
FCARM FILE CONVERTER V2.58                                                            12/25/2022  16:08:16  PAGE 4


.R|.+N...._>..MZu...j......3..........CU..g.....n-bX.;[9E...t.q2>Z@........W&.,.o.O..k......../.......#...x.W...f.L...b
....>Z...>..5........!x.P...........a,.a.I<..$S.S......"..f.$....e}.A..>M[....o%...)...U-........ .H....:.S.....Pj...%.
Km.;Z..&.:..:)...\....J/IE._.N........7.l...*..z..u..WK.)..1...b.(../...d...~U..d.b+.#.+....7.. ......&..~..izrIshl.9cy
.5.vm..........J.?..-{..g..MZ.[....u......d...x..r..f5..V86..`+..~..6.4{...T..RCj..@...y&.e.,4..A;.\.......h.($..r.w.wW
W.K..m.C..J.\,.R.....!...M"............i..>!Y...o..F;I'Y/Lb(.P.fs.l.V..T..2.W.H.*./..._.<].=..R......*.P...gO.j.8.."...
..^?../|yk.D...f[.'Z...t?.Ja....:n...2.........."|..m...(...j....wVw0^Z.7G42.#.z............6..]......zyfq.pX.....W.f..
..2.R.%w.4em.+.._..[....w......f.t....g..xK....k....}.U............$l....a.m.......29..............N..W..Y\\<.,........
.#73.. 6;...ya]YBu..Eo.....:r.....Z.............S.i)/...........g$Qx....k..)......y......Hd|.9.`(0.M..A..R....?j_.x.._.
...:....O./..J...K[.V.B...+I.m..o.`el......JJ0V[%.......6.\D....I?y.......}.v}.Fk........k..5...G.Q.....Ds...G.,..oC.\.
...:>..j..v:..Q1..x..h..j..%..y.?.q.{.........>.9o..].U/......=~.3.J+..C... .w@...............x...1.....k....?x_...s.m}
....y....^+}^.Q.X,.......VC..............^..*.....Us.NY..2...:.[J.xyAI..NN.Q.....hV7..-[I...hv+.jBXU!;O.....g.1H.......
Mf....c...F...6.R.lu...6....0...q..g*~...9...&.......k..F9n,..qk..!".....6.B.....V.Mz...'8.k...Lu..wR.EiF........O..h/.
.V.}.K.^"..=n...z.5...\Cr...9.D...h....0.R.........%..|..........#F..[.]..-..$..15.J-B.e.;...H.'c......_..V.o..M..k.a.Z
...]B.j..w..+%..Q.<.q(b.Tl...Z....H....w.|U{{...xr.l/u.-......S19.......k]Ml....|-jt.Q_E.z'..wnM.....|...y.j....h.R..e.
QN..1.Q.W....W3..</...O...#.l..Z_..?....,..GX.k.CMh.oD....<.0.9..P.i.r>O............O.....m.ZZ....^)....w...ef...%.h.{.
.. v.T+}......=6..m6.M.......rF......dDp..2.8%......mj...FW....%..%..[#...H.....I.4....F.'mz....v.(.H....;..4....}..?..
..M...k..g.F.%......Y..9.[.....j...~!x.?....Ig}...![{8.....2..0D.......H..4..:....G../......h_iS..].....2o.....F.....#.
Y......w...R......./.P...Zn.o..C.[...8Q4;.%.) :.....<....iq..6...0._.w....~......t.>#...o...e.B...Q..f...I=I&...[.I....
:......W.....#..oaR...y...%..O.(G.5.......g.....fc.XF..H9...p..Sr.N$......../.k.....v_.o#.n.=:...])..r...b.d.$..p@....|
'..R..uc.....X..7......UP.8...,...A$.+......F....b..G.......Mkr...~DB%R.....'..}kc...+....w:...Z....#..[.Ey."1......*..
......V.3^h.)]...mR..F..Y.5..FEec...m.W..+&I.......v...]....?.8\W...xw......-+..H........O....f7cn?y.m......^..:...-...
z....+E.7..Sh.......|...W........(..)..#_........(.\?....8p......7......3.{.|H....Mj...'.._..6.....CX..c.g.e.x-..*..r6.
&.C....</.]x.....Mu.|K..m.7......4.Y.L.%.$....v....r.....9.7....O.W.....|]e.[..C...+Csss6...$.o=."..e|yo$7w.fVEG.u3t...
..7Y.%.........!........_...O......J.E...;^.kK.......C....:....V6..n.4..8..J|.....*.._.{^......j:....<Ww.....x.Y..ns..<
}....m.....<E...^0.>&|x..g..4-,...xoPi.${..Y!.[..7.=.o(4..o.Q_u}.......f..~.....m;....G...h......4-sy6..I.....Qq..E..T.
Ec.....mNM..=e=.......l}......0.d..t..EJp....N.\.K.j>.}[v.i4.!..>..8..g..V....xg...m......,.......(......nZB..A.....b..
.o.?f....>.....O.k+g..lm..#..u.A..1...I#..".O..+.........A...+].....a..................62:...I..'....o.>.k..3_Mg.|6...[
......4xb.V.4.U".5.F8.Ns^..]r.ov.V...........[.E>ZnV......];[C_.......C...)....G...5....5-e.x.!.......%..m..^..........
..+.U....gkc.Y..h......R......~K.p..X....&...m...~.>......-m/.f/....F......X.....O....|.k..............?.?.t?.E....7..c
.e.......q......m........}..w?.....(x..Z.....77V7.%..p....Z.bB.".T......GQ...S..j=..p....<%c.o.|T.m.-;.L:...Y..K..q.V..
....2Mv...[o..2...lE...?.....)..[v.J.....}.2..r.i......g..._........6....nt..`.i.at...k4...Y..8..T......:.....+...J..kk
k}..~.*y.8.i..RU`..od.>..4..F..yEr..[......>5~....7.O.z._.f......&.c......;].c.W)...U`..D.........Qx...7./..PO..K$.Z..]
b..Y.Cy...E.l..?(......,_~...>...q.....]......h#....Yd.....>......Ia...O...V.....\|2...y}..O.%...%..6.B.Ku.Z(#.....v../
.9iU.{jxo...RWvZ'+..j..~.~a....hO.:o.RT..R.....MNvw....]..................._..RY4.-..6...]y..o..e....m.n#...;..G......o
.x..U...}6..=...........K.X..3(.1.!K..}.....=.j:.....g.......j..I|a6..[kd6`...<...n. .b8...W;..............6...\.\.o..$
...Z@..f..P...B.S..F.#j.I..k..]..^G.e.)V...Si-Z.W..k/.... ...._.S.Z.....y. ^j.C.[5.4.f7y24..U...r.*.8M..............F..
.t.]'S.....;..X.;..!<.\m..@...K......`/.X...cae..$.=q.'..%..j.q6` ..@R.H@......s.........M...5.pA=..P.....U.\..%...."..
....B..8F:=.]Q.O...VS...Gv.]c...QU.}f...l7..V..w..)..d.Q....>.f.....w..~}.M7G..E.@n..k_.U..`:{,j~.c...X..s...A+....D?..
.....z.J~._.n.'..}...;6n........9o.....#.xR).sK...%N..T...t.>...+.>8+...(......<.d.o.W.!.......I. .....Z.k...."...y^[.T
.?..d..fO..'............z..O4....?i....7.......!.w....o...#..vc.I.2._.......N.X.bo......4...a....>.`.?P+..L...?....\T..
......_m.9..|^.t=3Q......WMtI......fH..I>XR.;.Q....5.Mh..?._R.K-S.z..Y.Z..r..........B..|.c@.......d........r.....}...+
._..-..x4]UN...@..I.3\.....c..pCX..o~....Q?.7z..?.x.....:7..t.}.L.].......%h.<...2|...@_?.B...T..r.....~[...k..{..6.5x(
....kgN.=.9............{>ot.>..._.....M7.G.t..B..;....P........c.GxU`Vb%.3D.O../.x'..?......\.K...P..<.<.<2...G ..U.U.`
x ...............+...x..S\<{.=~2.w.L.%..c..|....m.ei..6.X...HY^'P..r....v....'K.r..}^..........c..(8G....w...'.........
j4...............Z.. YGg.o.....7.....7.V.[@.F..`di$c.G!S...[........f...,....G...N.p.....~.8......>.c.wY...5-c.Z9.W]"[X
m".Vxn.._.F.ys..$*!!...I..1. ......m6<,..4.y..gnn].........*x....:....W].....&]I~.g4.^.....?!..X.,.............X..f...a
.|1..C6.q..CP67.TI.V..p..'EQ&a...xm.........../..'X.............m.......+l..\n..A....(..X.?..#.:\.......o.x....w..fM...
...*u.<[...............J...]....P..BT.......e....3....6&o.........i.vWr.#...kX.0.YTF.y..........}S..._....JmG..'.`.nm/.
.r.j..K{..?2$tgC<>[.e?xn.d|../......5..k....K..kY..[X%i"...Ka#.$...ae'*%..X..S.........).M{..x....^.z..M...h..1.s......
..h...1.....pO&.3.P...Qo.....z/..CBX.e<......j%nv..'.....b..I&...?......:d..>.......m.....Kb.4.8f...1#....c.)#z.Z.....I
.~.|(.P...]?...u..Ty...X~.....T3.#......5M_T...'..|8...=7.F.mh.f..~4._..,6...F.L.Q.....eD1...A...&.6.x.T.`.K..]..g.7...
<.........FbH@#h.=2.c....I.y....}....*.......||...{..H..rM}...?.O.s......h.!.......2_Cs.....ug..<..}o*...\q...*..@.>.|L
...&..^.k..<........*..V$".b.aAf ..>..kV...o5..|.;.^.y.-...Y..$..x...I..~.k.x^K?.iw?....h.4q.1...'.%.&..P....B...2G.ZT!
/.....5.m~./Vq.O.sN<..]...Y..;%d..o.3....<Q.........o....}..?...._y.WN...wm.w.~..;x.|.....~..Zx..P....ad.u..~.q..j... v
.....t.....N.g...).o5=E...q^....WbU3..#.'.l`y.U?...It........q]....6...}......S.'.7..R.....<..x..Z.X.,umW^..R.....m..0.
..4.0.aRI......+....Q\.*.8.<.......|m.-WK....)m-5..O.Zh.%..s..+.I.../Q......[.$..N.l|o....U.../..K.$6:........M..Z..I.9
......y].&>.../......|?....O..4.......>...Rh......"Y...1...+...n.......}M......-.......l.\D$.A.....A..+a.j.T.v....N.y_.
...ueY.\.7..'..{.......e$.[.^.5V.V.........#.........|.T...j.../.....Pi.0.............H........6..\[...Z...1.v.c#[...&.
n.......O..$...o.ci..)...s.'.....C...<;.7..=.E..dX.66Q[..K.S.F@,.....5.pX..\D...t...[G..}\............(J..V..e..r......
..3....o.......u.fK..}>.....O.8.+.a... t..F.... .....o....E..d......^..g..........,.x..m...Y.bk..+B.VKiK...............
..g.6C._4m}.|#....i...&....n'..wS..(Z.'oD...>..2.".j.w.;...}.Z.....i........'......e...Q]iz..........*...".....7.....x.
.?.4..e_.z.....i&........M6.....;-...................?...o.xSL../.....o....YJ:.......x.]......y.d...#i.*.....c8..d~tQ.M
S.r[..X|E%J).l..../..~7..O.x..#.....j.p-.......................=...qj..C.....R....o..Iqis(........?..]........"R...X..?
.to...:w.. Y.hz.B.}Kf.p.~..4....H....dVQ.....hso...%G.{]J.Z.Ouc.[YEg..F.6..l..E..4..bY.I3........d....e.+......mo.'.=n.
.....j.qu>.MrI^.<........Tg~.._.x........V... ....|!.X..Q.2.N..Z.X.C....Q.Y..{..!M|......wD......</..i..U..}.._m[[y....
FCARM FILE CONVERTER V2.58                                                            12/25/2022  16:08:16  PAGE 5


'......MI.I..K...K.>..x.....xcL...i.0.D....5w..e....Q.u..6..mwM..<..JY]e._..#.................{..].t...o...Im.e.P.....\
..<.f..1.....3.n.....T...Z.tz>....q..q..q.Jp...HF..u.QQ.'%$..t.y.qr.#.;......g.z...........X5]a...>...y..RI....D0....e.
|..>.x..\...-....'.4.K.....I...y..........AP.eD{S./..%.......B.I...........m..X.p.X2.C.A.............._..0.;.L.P.......
.pgV.!-1O..%.eOk/.........K..$..V/.<ne..*[...IY.....9.sk.s...M.x..~ |.....~x&.....$...$...d..w1.*.........P.....c.}u.+.
'.~$|....4.o--.Mn+.K.c....].|.;......6...c.<E...J/...Mc.O...%../,...0..co'...cfp.....p..N.............s.k=........d-neX
 :....e..n..|....H ..".(I:.%g....e.,...N.rvz%~..{........6z>.j.zm.ypB..b...I$.I$.I.:..y..H....7.z........V7B'.n.o."...a
..0.A....]0..\.t..4...-kin._....G....~.M......]............9.k.*.K.W.......G.....^*.<'}._.c'.U...U1D......RU.....3,<..<
..]..Y....|?..B.3.>nj.eJ....(...Z:;.zh{m...{...!.U............h......8...om...5{O....x...\..........+X.{e......on......
m~..>..#.:.;o.......h...M...!.O.?......h.......iZ.....X.Eq.y...LLs&.....F@.y>..../.V....@.W...[.>C.i{.......g|..*...C.O
.|o_..<..<e.......Z......_K..9.$....[1.6...7.......C....j..z.......^*.?..q.Fp.G.M.(./.Jn...o.....f......../.....`y..{..
....h..o.q..O...o&.C..t..\...rJ..$.R....{.o.n/..+...._..Y.7.4.#.[[9.`..J.X.Vr"y....$.cd..........mkR^i..ZG$W-z. .......
5.. .1....z.63+.m....T.Q.....[k....q&i.V>.3..%Z.j...R...I.w.}N+.....C.ym.o;.o.-A....h._Y..I..I..(&.fA...8...&...>2~....
...........MI....X..,!.c ....b...).0k.;.....>....o..uq.....O....V+<......)..f5...C...2.._N...:.~._.5.>...K........x.[.6
.T........DF#>O.....$..>..8..IT..%....|..y......2.6_C....K...R..{I.Rn1_YRM....2..T..'.|...4..|I..<E........[.......n%..
"mc.GS..hX c...#2,_E|9....O.i...'.c.D#.......b8.n......._.....i:m.....?..]....y..=c...6.....{w.M.`....D..}..3xv.:.]....
.........._hH..eh...?..i..,(.K..............uJO.I...3.40.....Ou.i{4........|4...//.J..jz...1...K..V..uK.......'... .=Gz
.?..n....Vzn..3A.6.".....-.X.....|..%....w.i%.7.?5.}.I.f..F.TVZ>.O.<.V.U....d.Z..|`...j../....M5..x|;6.40.)&.< 2.j..!.6
p....K..sI..J...Z~._.n..g.5.'../.6.+......TB2.5.&@....x.!...-.&...>+]wF...Xe.....w1. .C.p@m..#.1..........|Cyu..|?...mn
Xl...9h....6?9....m.R.}.......:.u.\..|...rJu.....w...Z....o....'....w.n...........w>7..a....O..O...........8......m.o..
z..../........#....G.D.pKyJ...64..P.XF.c........z..{=r.G..A.]Z.N....^!.[F...`..c....%.h.gO-.....k......5..jSh.$.n.$..;I
._.h.}..........P...q..y.....%....RRiv._b=/}.W.~.....|>.....W^.s.....K.g.Ox..;...O........x+K..5}..T..~.m...../.<%..+G(
t*..*A....|b...qc....Xd.....7...DrK.9.."......_........_.....i.........<.]............F./(F.2.a....t....<K.|...........
....u.........C$.?..a.........$.v.d9F..moJ\GF.hag$.$.V..4...>..|.......a..1W...T.!4.uc=T.v..[..k..:...7...~<.....Y.zN.5
.k...-_.w.=....*b(.2F...~C.....qZ|....o.4.o.j..N...#@......3..'...*..S....q...8.?e..M.........k.V.-......K........k....
....Z......_.>#j3k.+...a.(.$.Ym".!Z.-.......#G"...2.o.mR.e.x...F...]y.N..c.8..ZX<k.*.yi....,_..K....IE.....F..Q..>.j...
<k......^....m...G6V.W.%....a...x.l`..0t....'....$.?.....p..#.).|3.7.O.....<K.j..-....|..7[...f............a..X.....It.
.......q_E...ym.-...>c*...j..[Z.>....Q]'a.>.....f.........^,i....!A.j..<.7..2G r+._.........._.x...C......l.[.......p.,
o.{t.Hv....X._.>...x[.o..Hl.5)..w..Ii.&[.M^..i.N.#...z........,M.E._.......]h.$K........'..-&...O.0O'8t...J....I.]V...z
....F..4.y.|.7q.U_*{.5...^.........O.*.....]7.....Z........e.e..&B...@a..?*.n....`.......o.8.m....%.u.2mT...Fbq.......o
.k...........6..3.i|/w*P]?..%.8.6~%Y.h.......Z]..../.x.)..4.i.[>. ..`..`!.n'.+....k....{ewo.......y....4O.......I...&.O
.....6.....W..Y.|?.$.*...B.$........*..|...:.....Y}.2..O|5.....i6G....n.Ju"..K.G............O.+..3...m.............\Wh.
..FYZ...t...eY#r.. ......O....x.|?.w.Xt....5Km.......d..".#.7.N>@OJ...?..,..(|F.o.x...'M.|%$..5.7......c.{;...Z..M..y.a
hS|.......v_r8......qNRvWW.[%.}..~<|b.+..E....~..u.SG.........&.9|.....ex..M.Y{../...x.....v.....iqi.]>.k63.q/........O
u`..6.I7l.z...g.?...x................xm.....c.]\y....Pv.8.BG.@.W.{O.#..?.%.....a..R.J.....V.$...i.Z....>l..@.X~znr...%.
....JR...i....<.4.e.....x.K.Z.*.r.n.t...VI....g.=..ii.....H!YZ".'.....s............x........[...y$.4...S.Aq.V..V....#..
...mE.?......._..|]c....x.N.wY.$.j...v....8..s.....;.a...|{..</............q..u.V-9......O:.m.#...:.ur.G:._(n.#8P..1...
q........i+...c..y.......x...9.^....W.R.\.s...........&..|I._...V.>.w........e..8.U.D\.;.=+.?.~....5.|b.K..R...O..$.X.H
i..e|.xgEa..........?....R....a..I............D..?.$......*~...s..:W.....7......]...eov..........RD.d..4...YQX..D.c..<D
.S.S..Im....3...x......BT.bT....5N\.....vw......c/.z........|I..t-ZMJK.&.`.7...Q......%..<.T..~....e..Mb[......w.X.}v..
.C....}%...[..<....Vm..2.#..1'.....gMc....X..O6...$.jE.\.9..\a&D...J6..wrA.g.`]zv.z./...;..\G...~..>.c%f.z4..Z........)
.9..?...M.....XC....@.."...F..0."...........[.^..t....L....&C.2(R...w~H...y..........8..I...U.7^..&..I]....^.C....|;...
#W..]*m./.y{.........`@=..v.........>..X.P.!....fTp..J..`...#..9.1~.^)...D.."....|^ .BXn#.}.....+......w].....h........
..M..J.Q......x?L.....f...}B@.W.U.$.....#...J.<.9.y.=..Yw.....W......e.Zy..6.*2.U.J.Q....E..G?uS....j..K....(.....x.A..
............ ..]'G.*$...;q".!.l.!A g.N+.......|j.$z....m..mSW...%..h#.lL..+.|.n-.7d.....TK.Up.)..<..=oX.u-.'...Q....3G.
...d...%M.88......<V..AF)i..........Zj.KN.E.........<..j....'j.,.....Ky...]^..~.=R.....([9xef..0s"....{~.|2.U...Y..Q..O
.f...W..p..q2[4..r..X.(....9..f.5.................<Q.>.}...R.........1.. (GB..I..p+......)U....d..Z....^%.0...$)....F/.
sY5.G...WE.........1E...2.QE.......pxW.RiSx..X.El.6.&g....y..;.....2B....J....*.;...<I....~,.x..Mo4n.]...X.L:";mbpFpG63
.2........O.?h...o.|)......!.M.R..Z..k.k.ifU7RH.>...$..'`.UCn._...C.p|:.....!.j/..:..Y...~...+L.........q....JK...Q.Goq
._.:......"x..9.`[..+...I7..G..%.)Q....r...*..n..c...^...~.=..-.\.Z.B`.,...2e.f.eq......)...Em.......~G.XXR~.....n.B.U.
.y......f.........<w.....C.i~+.....nt.....S..rE....0A.......x_...'......"o...HmC.....H..+..Z.....m.S........8...N..|_.~
.......xSY...._.xm..V.[i..r.......O..K@._.~..2vf9^.....[.d....k.4.|Z...$...$.A.R.........Z%..&..].=....Z.......y..Qh..+
s...m.J..n.....~k.?....O.K...4....<Akj...^...<F.ZC..y.e)#..AL...............\i>,....[.'....m..3..7..`. .t..$r....E...q.
..'..}.^.y...+.~ ..#.6.6.<)kf.G.)!H.c..2C4BS!....Hp...,=\K..E..+..<..%.......r........O....<...^.1O..q|.....ir..._..|..
.o..........}...[.(............X.&>T..W)"F. ............'...........> .k..7~ .....>.b..t...&Sl..c.,...... ....E.;......
z....+.2.N4%./~e......9]:..O.....G..~..(...:./.E.O....&.mo...u.w...^..2..W.U.pA.... .u.k..o.^=.._.%o...S.?....d....e..D
.V.o1...,...d..Wv.c.o...y....../.=.T.....[m.L...5..m/U.X]....M4`..$.G...r........m.X.......>....F2.I.,.Sw~ms%.)M|......
./.>.........&>..m......4...m.5.-.t..S.pP...q....~._...{.M....~?.t{K...bh...,o../....,Wh.....G"4.$..S....Tk^f...mwW.Y..
...R...8..X.#..?"s.R/.......|A....4..%..]......~.<...............U..~......X..._4j..u..(.t.jT_............'.'..?.....*k
..!..?..<.m....Sav..v.x.._`...7.O{....~../k{.J.&.|lC...p.i?.Z5b.vnX.;...rF+.l..go..i..x_A....`...Q.......HQ...t..4..e..
.../.._....0...n,d..t.....[w........".P..p8...:3......8:u!$...].........o.....ZY.}63{s,.kc.I.q.....3...........T.).t^,.
...`.vz.~.............C.Q.P....,m.6.%;..WU...o...o..D...w......i.n......0..<..i..l.5^.......j.h.$...E....j....8........
....x.o....M....c...A.x.t....F..........O..8...!.?.?....>+...~%xo.M...V......7.Zg.4..\h1v.....W.2}-|R...........Z-.....
H..MP.}o..t.Vk,m.D...@;.pN.q.8..._K..4...qz....Pi...}...."...=[T].2}.S..$H[.-.....,.....q_(.......W.[.=..3......sf...ko
....@X$24...A.L..$.....Y<C.......kZ..=......Z..h..D.W....%p...A..7mx.R..o.....C.....v.....O..+.s,..lm<.t........g}...7.
.^2....E.......TTa.J^...RU..N5...wW.]=7....xGW......6...&..qI..?..#k.<...o.|.....(v...|..R.P.....O.2..wu.x7..$..q.kk.I.
FCARM FILE CONVERTER V2.58                                                            12/25/2022  16:08:16  PAGE 6


.Qm.l..W.p...7......w._-r[...{O...|~.....}....|?..m..-.WO...g.<.nA....T.z./....W.~...SC.....&...hIw{.x?O....-..,c.rC"..
..n.N..c...U..U}....&.i-og....}5.8K....9>...y.Ju1.T!.q......?d..x.....u.Rs.....'7..3....=v.O.B...t..6"i..:..y..VYUK.O..
. .j.[..S_x.M.e.;j.....?.j...t[..+.9....k-ed.^..Co.....R\.)b6...9........j.$.3....Fd...i..u+;!<p..Q^^<G...b.2.....".?..
....W.9.[W....&..h.3...vvK....jN....&..n...f.H'.....r...J.j6.-..........omw?..B.Yb8..:P...U).....:.A.....[....V~0~..6..
....Ym......_.....i..3x....^..F...wE%....M.c..(dH..{...........xb?.[E.....6.....;[[5...F...[uy$1f\..+....../.....WR....
...4....v.../m..R..Y.......f.f<D.!...O...e..4.?.iz-...6q^_i..$k.W.f{.6..F...v...a1.V.2..9.....\..i.k(....=..w.....O..:.
.5K]+(;h.i.w...3..n..=x..w.5..:..4.....~ .u+......$.n..nP..9.X.;/7.M.D.......'.....|..t...i.>...^!.........l....q....V;
..J#....&c../.G.;.......v.xm.qqa...l..Vzx.-....mH..}.....PQ...........s.....At8.....V..>..h...$v.bYY.c..M%..2....1.....
......K.D........Mm........../?u+{5mn.k.},....~Bx3Z.........h....._..c..V....[2._....J..g.|......>\@.{>*.<.......$m....
....Mrm.".,....w[.+kY.9...D*.N......J....>.x....[..:l.P.`..G...4...Y&I`.I[............s...4O....t...x.o.ZX.r...K.....Z.
..2Eq....s:k.....r..........).-o...v.\.y.....o....I.4.{.>.V.\.'.~.]..W........|4.....e.kP.iW>!.....(/..t......ab.!...(.
....RX~......._}'G.....#....hV.`p.e.6.p.......Hp.i..t?.h....#.....>.OE..{])l.n...-M......R...+.!..E.....<......'....._.
.......xv.cw$M..q...2H$W%..n-..c.}6.50.xP...5{%.......S.0q...S..................I.....o..._.?...~*.1....}.%.......jy.H.
<..H..T.*4~..K.||.......f._..o.....]CU.5k.kM..!.4.....F.K5vy......>X.X..W.....w.&..:...l....i.\..h.*...'..?.........F.W
YU....R..m.o5}{.L..........g...._.S.."..O<G...\........%.....v.....g..EP.,.6h..C"..}.~....@.5.............^.[.mY...r...
....zyd.....+3.>$.%..|Y.\_k.Z...(.........t)(7D."...C<.f*&;...RMR...7_k.D.sZi?.......S......7...m.dI.ga...5..\*...*..Oe
....s..lt.(.v.v.]]........Y!......P..v.1...l..pc.......t..PA....].=no..?V.............V.9...V..X....0...+.|'.b(..w.}sC.
.........QZ..G.2..W.(......H. ....}....ZRkF.K...........e7...-......9.......N...=.AhcVd..y.F.c..9}.........<{.........M
.So..^i..H.7Vz...v.b....|.T.E....9.k...</...v.?..+....F...[(#.4.R .c.6...g.....v.X.1.z~..?....>!...S...E........2in....
o#........h.N.....cW.~WU_o..w..t..x1...#...^.Z..........7..u.......<.q........m/..#.1l-...8D,3. .I<......~...<+..v...k{
qo.....5.Ya...S.F\...P..pp...>6..~.......o.Y...RM...+..Y......ld..:.D.U.!.J........,_.|0.......[9.-..E....l..B..)...z..
....7....).g........YK.'Nu9....=m...w....*.p...*|W.....5/......O...........`.....9..W9u.....Dq.......~...<s.....r.._Iy*
.~.a........QF7m.X,I....l..............~o7u.[z#...b.L.%..T...r....&...}....?.w.7...6mc.?..........\...;........c.jBA...
O....../...u..k.....8.,..5)..N.....K.W."$.W.[C.FpX(,.8s......K._..+|<...a...]B.i. .........`...B.H.X0..+.<G."j...".L...
..K.;.....r.....`..m.S._..?....uM....)........O2./2.W.....E..W.(..{.j:.K.^.r..74-.`.....~.k...o.{...8:=....K.......s...
c....w..$.]..ly...o._.w.............W...y...............6.3.g......../...o.....7...o..q..H.i._.5......L.nB.....X.7.m...
..."..x....T...`..Hu.....w."......S$y..c>`h.U....M.Ou.ovO..Un.i..>.0.B.QZ.,.*8.>yNT......Zqs{..Uek-l..?..6.....c....X.{
e...-4sl.hv(.............gS....?.....p....">%j>=...7.R.O.w.w.:.k...;IbC...y"..D.:....B~...Kc...........L.nz.6.+....V...
......-:j...W.S...+........j?.4....Ow..c.L\\.S./._G.U....O*].2..]^)......([r.....M....I....cO....}\...'.v....K[G._.....
..t[..JD.7./"g|.P....H..)......../..4.EZ.....~...?D.+....X./e......j1Z..$.....]_[(i<.v........`......Uy.....G........f.
e...\..g.A.b.......7p.7.......?.'...a.....)..4...-...74..0y..y&?..(.B..../...v06...n,.\.y<...L.....A".".v.vI..M.......^
0NSW....e....V"0NU.....5..u.}......:.....9t............d..O1.....k.|..!.pP.o...k?........c%...dZ..<3I..#.......v.......
...^?.G.#...k..Sj..Vk.k.nBm..d....+....dn....&..).W..V...w....$...a$.?}C....a...x^f.wz.........\....z.M...QEy...?.._...
.CK...}Ri...%...;'G%.b#e.s..N...I8..+....M..i]...#..h?.........._..^..h.......-duX,..m...Y.Z...&Y#2.m..9?...x7.....o.^.
.7...cM.lSV....Z.Oo-.I.6....A....R....A..E.......~....bR.4...k...\.mE!...%.`......+..c..]..C.?.......4RXx.-|u..D...S@..
r..Q...o...N....*.....ys|Z......vg..<.._..'.'_....)87Q)V..\.....(.....'..g...xw.P......q...E...]?.E.H.>...\...wL\.}#FH.
8.{u......[.A..Z..4...7.j7...-..........Jl6...w..>.......V|l.e..-.....3y.....CA...vK..H/[8h...0A..[..?g}....k..E...5.;.
%...y...}.....0gP..C..6[f.....j.......V.....-4.n....P..S.Q.I}a..M.F......,....hr...`......N.)...^.V...Se.^.....t...i|..
..^R.....c...!......i...|.s....|:...3X.WRI.i...Z<..........2..Utn..F.o..| ....}.V.?.....w...[..2.<v....m.$p.v.I..[?..G_
.s......M..m.......6....^..c.....b<..vXa..p....~.X...+{M....z.+-zz.........O._.xuRxH{.u=.........9.%....{...8.e...CM...
y:.... ..he......i...,....@..{o..1.....V...n4.y...q.6.......C..0..*.@...~...f.......A}.......X.Ht.H!......o.t......F...
d.|e..?.|.....M.k..$.........S..&..x.c.i%....v6....~.t.,`..V[^........2.V......y.....Uv}w.\......?.....]2Hm..;L...yb.c.
e....#z..(.,...........i;.2Mv..t..D.....4.C$Q.{.....1..U......$.y..|I....#...........=k.S..D.'..YD..+~....M.m..B$.h..B.
4...K......v6Y.R..++..........O.+..<;... .6........jZ.......;.dc.m.F[..T.*... .^....5..Z-...t.}....k.f.Y%...V.q..t.....
..0.bc!*..b.'.x..o...h}j..=BI4.0...f.Q.Z..y>....#.e..Q.V....u2..R.9;r>....-..K.K0r..9t....M....D.\......~.:..n../.....m
Z.rd.Sv..j.q.X.....7'..i.7.4o.jZ?......^..Rae6........l..p...(.+.#.<?.W.V....Y.[..q..J.5.u.......Q....j...F...Y...*....
1...cZ........W..%.5...^..].}....vo..dp.d?........K.VN.2J.....M....s.V.......o....M.vy..._.......iE.v..;.?....9g..em.bi
.e............B....Cg........b..k......kJ..........k....D.{.....W.e....i@p.....^...5I.....O.bK....7::.c.....y..9..3+!_(
........w..2.....k..E.V.5....iu.O..F,.x.7^...LCl..[,F.>g?4.iA._..|....r.Ir.:r.....V..Oe.Wc?....../...-5.x.......)......
.S.m.."..A...`.........rM.o..CmHh......^5..G..Y........Y.%..r..'9.lx.C....^..G.....Z...=.j.+.3$..Lo.X.!..$...0....\.^).
..>....5.........G......g.A|&.>..ac....!t.i]~...o....../.wI.}?...[...Z.#...........A&.c.k.n......iB.PX..E.kad.F.r.(....
(0......t.k.~..V.u.*.L.]"F...V.......Xy.!F.B..A].?..&..c...P.n.V.O._.3....H...[..^.......,.~.....i}....I...'.;#.&.S....
...m.k;.~..R.....6....;iM....~...Ry....].}........?h......o.-o4...M.g.Z=...w....th...7)..n.b........}[.?.Oo...i..:...%.
.....6.6.#.'k..kVi64.9+.....j.c..:.f........jW..?g.<)...a...F..^...{9p.v..'ka.........v...X..5.CS-.x.i.9...6!.+4...6..b
P...<.|.*..{.2..j.N....E...5..)......./>..{..$.......8c........'..H.o....d.Qe.r.bK....@....u.;...+.N.&...ac..Ik........
..!...........g . -]w.B.Y...g.n.>..g..K.wJ........C....f...X.y..q...7...I{...W.6rj:....]....h..F.."]_B/..3..7.v.p..0.3.
z.{..{...l.......z.{.}......=.d.<OD..........hzu........>.,/..D.r.?c.9\..d......w./...%.O.E....j.d.[..^4...t.)....*.c.Y
c....t8.y#|@.._......M..up......(...;.O.r/\._.j...JJ..c._......W.4v0.........~.e....0....M.$....,s.kl>.K..O?=>[..L.....
.p..w.uv...g............rx7.^...Qm.f.....K=1......,.`.s..g....c............{.>......K........@Z...dn./.F....G$F..)8....
......<W.}'J.C.{.......2.....B.....3ZZ.:..! 2....epx.........e......v..........jf;.-...R.....K!.d.a.z.<p+..S..k.B.|.g..
u....5?W...Zx|.3....&M..R.>...._=..,[....u......>)...[..pj^...84..9..../"...G.-...Di....p.._.T.W.^....<..:x"?.x.];.....
,...E.o.J.l1...Kjf......Y .........?.K.Z..>.E...".`....,5.......r.:A......Eq.`J@....p..~...........g..1.f..a...+8.8n...
FS.{....{%s.?m....7.G.o-..P.Mk.g.=.]F.....0..I.D..,..3!d....x.._.>1x......Q...~....{..l......ODX....mK...73..7V5.......
.o.?...|P..;..p.....H,."...2......0.`iB,*.<.!.......w......?..`....../.._V....9...-.gS.......?....i.....v...W.7=....x. 
.e.....')?g7w.T.,.....Q.[....g.e........?.i.|..b....0b...?.[~........q..z....'..5.o.L....R.<..}.[h.d..p3].p.._..K...._.
FCARM FILE CONVERTER V2.58                                                            12/25/2022  16:08:16  PAGE 7


_q_Ev.....c.n..S.....6w.QEhhp?.....G...............%G..6k...j....e..m.%.....>S..r.r~o.....c..g...[{w.f..x....D......v..
H.3JW.Eo3|.B7..<.....>7..c.......GK.....q....\A.....7...`.F...e5.*Q.yA+....H..(T...]........._.~...+.........ZY.a.k....
......y.)X..0..o...z.V...................@....b.K9..VH.A..B.r.Y.yfi..<..;7.O.._....!.o.?.bj..z.....`.tBYc...O.(.e. .g-.
%.../.E.k......cI......0..U.....?.....K..J....1.C.....r...V..e.....VG..-....z.......=....<..|].D:..7...#.j...<qY.....%.
B].lY.d..<.6......?.+j...Y.......O..........E..F}GQ.]]h.g..a.u.W...C...m!...v.S.O.!..#m.......i5.`y..-.........&.=.{i..
w...+..|a...|@..o...b....|...=J.K.-....e..$......1....U$;&.......x.J..u.zv.......sy.......w#.....;d].[*6qi\...W1?h...X.
......... ..~.^,]_._.Mint# .}.c.....V..f....~g.`...........n.....ou...A5..L..".VBVH.......H..?bO.....9.w...M.X.x'....i.
..Y..EC...JA..H...y./...1...............8.%|..K.......\.nQ.......R.....Ogu.o.D.+F.......'06..0Q...j[Q..w..}...T......._
..G....B......u.)~...~....&.G...c....6....Q.l.M).....N.:...#W.~........._/..3.i....XM#Go%..0G.b.A.0.....!...G..>.......
...O.c..j6x.z...~.\4../.....]vw5....G.L...u.CO..N....j.{2.=....m..6......J.*}....2'+...x..z....g^...j.....{...HY..x....
w(....L.]f.=O.E.?l.........&.....&..>.X]DX:J....)..3."..v.....A..R....x..|...S$..4./.&.q.v.=BX.L..6.....]!....8#.@.b...
....A...[W.]...m....*U.`U.{........%JM.kJ..O....d.....C\...E<..4.......F."Gy.......#.yv.....8...Z.........._.'..].H..-.
ae<S..l......]....../...9T.k..........k..;.x...Hlt.2.f...gT.7...!.FL........f..{.....W..|+qq..Rk.Z...cw..'.%n.I...D.E..
%F..;..n.R..f..........s..*8.-.}...o.Wz.ZZ|...U.Zf....,.d.H.`......+(...f7`.,|.;...?.....?....zN..).8o...&.......O.*."(
....[.....q...U...5+.7G..h.l.x../am.....a..+d.].G.....v.n/.^..L...mbo.j.~..}...>.......M;....v.....Y....bLD....Og....t.
..Y...+...........<.....7?.o..uMO.".......c3.M.f..e~P......{..B...*......N|Q+_x.x..>cs..WF.}...6Q.y..g.|...;....7.MQ...
....d...i-..,....7.aY..'..m$ ...f.w.q"....i~....../t.;..q...e...[.X/..(e....#%..e..>......17nW.|...-....7nW.|...K~.....
..7....P.M.~&7.N.a..q..T.$.a.:(......[.....1..^..oo.....:..%...........c3...............}3A.............#.mB../..ivK/..
t..-...c.>h....P...........+......Z..KdmF...,W....M.,rI...O". b....(..1....[.y.}.<....HZ.2z_o;/.........z...H.q3^....C.
\..9..0o....2.?........$...?..?g...a..........].7mq..........[..C.......i...S...../.?.jZ.......O..W{.X.y.......q;..n|..
9.`..2........*.Z....Qc.=V.E..o.Y..rf.X...+Y.L...fM....&o...m=/.n..?.!f.i+..n.....q....?g#.~...P..,"..h.l....Dd.Cp.....
..........~....?.._.$7.0........D.....#.g..<. .d.;...$ ]........X.7.....V.4...R.......'... `%XcR.." .....M.$j.7.|.5...*
.4..~.=&.4.g..i0E.j..#..m..q....n2....p..cb.._......%.E..E.....o.m.>h.U.......x.u.......H.Z....k.k..f...lc1.'..#~J../K.
:..u2~.?l.<| ...h.g.U...f3~Xn\..........W....iv..6.sq.=sO...u(...{]&.....~T.PGfR..!2.J....l-?G...-6...C.....x...o...;%.
<..m.............W|Q.t....:-]'...}...5u.....}.<....)g..~......0.....m@kKq..Q.q...d.y.Tr...~..6....?g4...~.. .>(....U.Jf
..k?n.(.bE...a.N.do.V...o..^.............&.[]{..i..j:...,..F.Fk..g.~o&=......>....d.j.............?.[.zkI....Ou.Z.6....
.N.X....q...>.....^...(-Z}zv...w...|I......(..>....t:n.4...1.............0G..U.F.......K.C...!.>...|\..ZBB.h.fA..\t~...
....x...........ltK._.X..~....c....P....P.r.lD..o..B...x_..q.E......&....Mhu....i.......X![35.B5....AU.....onW..v...{-.
q..hF..{..k..v.[^.G.:...:....]X.........c...;Q..i}.........bwu.......bH..>..'.e...(.j.R].......L....>.d``.`.+...4_.~...
......=sR.=....^.?.n'........[......&.U.|...H|..(.7...g6.}.$.w.rI...Qm."..Ub..p...._.#9.p...(...&._.a......zk.i......W#
..........i.....e7I...HU`.D*.).........N0z../......../...J..7...S.go...."X.p..QQ....,r2...`p$...)Z.....)(....k.>}...U.7
.|.q.h.v.|..,V.h....gj..q.....zW...9./x.....>8x.T.W..wJ.U..^..<...Z..C..Q...B.C.w..LC..W....L.5....}Z=F..X.4w.<2Z."{...
#eP."-.*..3.).+*.?...h.7....}...Nki!(.({yZX..<.....Hr..W........4..W...K.n....u...)...2.....2qMI.Y6..[n1.Vw...6.../.h.|
\.U./....Z...i....jI.7.w....]...1(R.t.BK......*...%.....]h.....D.N...mZ...`..4 ..4.*......p....\O.|_...@.....K.{{$.u-GQ
....)$t...h..).~|....w.U=.,..................q8...S.5+{.MF)$...);...m....?....~..A..+.....h..0..Ds...LE..$k.VQ.i.......
..sC.r.n.&.[.DL.)X...q..$....$...wE.9.....n5..h......uH.#......Z(.w0...q.-.......&M.3u.........)......!NVr............+
Ju..i+6.wz......QE.E.4.D......kI.t_......z...h.%......u%....R.?;...'.....c..........?...w..$...W...._.[...&....Nm......
...............KD..M.........r..$....g....w....~..~......."...&....?.T...E........7%y....3.x....5O.....-<E..<3..6...V..
..Mo..q.....d.0...@.F..ey.?yQG*..?.9Ww...._...........M.|Z..#{.._..7>.."..Bl..7+5..o.K.>\%..&....t.....,kz...o.t......6
W7........KiT..1.&3j..o.....&....2..,.j.~.K.T.i.%{.}.d.y..~,i...|E.....j...m.XO..R...<.......YVhd)"..."E...O.....B[(m~$
^H.=.....u........V...b~TUD.TTEU...E:...j.?.....M.4...G....!....0..........%|..8.]..].P..j^..u....8...w6....i.G.T&FU..>
rN... }.Er.....|.....c[.p.jS.^.3.v..-m..t>A.....|M..{..........]........0O..i.I.#..........|..._.........g../.....7Vw..
...{.=U.{2....+.h..B.8....w{..iB...c.7...;....Mu....>+.<E./.^..4...R.t.=,....x.R...(....$]).^w[.T..&R.".7.......~$....(
..+..k...e.Y.7.....N2f(n.SM.F..[Fcc .eF...>.......){..'+...4c.....Q..J......kw..R.y..?......_....;C..G......7..._*...s.
.n..A.$...|w..;...>x~!j.........L.........9$.NOz..+...7?+...../..??+..............|{...6.......Hx{...<....[...J........
........_.x......9...o........pn.,.<...5_.D..b.X...m....0`q]p...<...|y...6.......Q..M.'....#..NJ.........C............"
Q...!.........mo...+.....g..../........6..t=?.......I........~..q.-.f8..#R.L..B.n.n............|{...6......QS.F;E......
hF..z.............|{...6............Y"......+.?.kj.....N...B....g....+........?.> ....+6...|T.T.N&......&_......aw#8..o
...7a...!.........mo...+........;z...".hB*.......p?.......o.?.............t_.~..L.....M$.H/l<...<adV`........H%[.>.ET..
.+O....9.2........._..../.<#...1.C..4.8...........ZF-l......ry'.i..Hx{...<....[...J...{$.......>.+(.....?.~!...l..=K...
O....... .....81..a...'l..@c./...t_......e...Mn.....^.$....ng.f8...8.(..\....??+....=..T....|_.,p-.IxyT....p3..........
.V.u....m....A.....Co..;....Xn.Y.h.>L.tf8.....H..^sH>....*5a.$......E.=x{9.[.V....e...|&.m..........-..|Aw.U.7..a......
.`....?;..?.......w.?........(.N.8(E;/?..B..T.8.e.K.....?............."W5.........:T..4Mb.#n........;.W.5.....B....k..E
.b..R..?.....%.O._.y..>*......=....k....g.........8.V...[t.....(...}.$..|.......iz~.....{..l.....i..3*..I#.,......H.|S.
J.j._..*..\._....(..O..
+---------------------------------------------------------------------------------------------------------------------+


INPUT FILE: favicon.ico
  File type  = BINARY
  Input size = 3870 bytes
+---------------------------------------------------------------------------------------------------------------------+
............ .....F......... .....)...  .... .9...5...@@.... .....n....PNG........IHDR.............(-.S....PLTE""""""""
""""""""""2PX=r.)7;*:>H..-BGE..8do5Xb6[eK..K..1MU9gs3S\I..:gt'03@{.V..T..A}.V..@y.6\fH..-CII..E..+;@7_i7_jF..J..K..H..-
BHa..,@FC..L..&.0W..N..I..$)+B..J..R..?v.>s.>u.S..=q.P..P..P..,?D4U^%+-M..K..%+,2OX+<AL..#&&D..%,.I..v.T.....tRNSI..J.e
FCARM FILE CONVERTER V2.58                                                            12/25/2022  16:08:16  PAGE 8


.e.....IDATx.M..ZEA........%R....TTh.G..,...=......m.f.mnf.A.$..>!..g..Hg..E....}.........k.d....Jo....3.L"J......Q.$..
...ff.,..5i9.....H../mB...w..w;D..+&.W.....D.o.@..RI..B.om...........IEND.B`..PNG........IHDR....................ePLTE"
"""""""""""""""""""""""2RZN..J..3R[J..)59Y..0KS4W`Q..L..%+-0JR)6::gtC.."##?v.U..?w.<n{&-/Y..=q.:iuB..A}.A{.B../IPP..=q.
K.._..L..$();lzR..a..I..Z..3U^1MU3T]Z..I..X..F..-BGP..6[e,@E5ZdO..-BHX..+=AW..,@FW..Q..?v.W..+<A@y."#$\..4Wa\..S..$(*.E
L^..V..6]h#$%G..#&';jwV..-CIL..Z..^..>u.S../HNM.._..\..M..8doD..D..>t.+=B[..,>C>t.<o}@y.0LS.EKT..$'(%,.A~.W..C..%+,\..C
!......tRNS........G.....OIDATx.l..B.Q...u.._..<....v.e......a.6.A......v.{.@...E'..d.I.!..... ..C..T...g...1.E(....SQs
..i....Z...V......).g!..h....t...-i}....<.?...lBZa..4{D...._e8.y.....3.)..?.f;8....t.=.;..:.52f.KZ..l......9..#...A.q..
......V..`=..$..?_.....qM....J$..?^q.......},..s...._Ttt....1#../(..-[....`..`......Z.d5....?.ebZ...i........q..+1..}..
5.....d.G.......IEND.B`..PNG........IHDR... ... .....D......APLTE..."""""""""""""""""""""""""""2RZV.._..U..=r.$()'25]..
C..0LS<o}X..X..0JQ=p~D..<n{V..E..8do_..E..F..H..9dp_..H..I..F..6[e`..`..L../GM_..U..'02P../IPP..X..&/1;ly3R[`..G..T..\.
.a..1OW"##Q..a..R..=q.`...EL+=AT..-CIK..#&'C..^..I..&.04U^^..@y.Z..$(*[..^..,?DR.."#$1NV1MTD..>u.;kxG..R../HN&-/@y.>s.>
t.@z.]..P..$'(D..]..<n|0JRU....\.....tRNS.%..'..(.~.......IDATx.....C1.F_..Mm..4.m{....n.......A$...$b. He...T..W..h...
h.:PtZ.Q.0@.`..`4.-V.`.Z.&.A..#..bk......>.''..`.C$.F....(..x"6X...c..T..L.@I..;d.d-.|.P,...9.R....f3...F.VmM..X.......
@Y.7....N.=.........u.}...+.e.aiq ..76.....=h..Z....l.....}......[F.I9A.k9........3..9......qB~..b...U_.^...[....w..{z.
.v..z..(..(..(.....f.q..G...k.....Y....f...~.:*4.Q\O>.....<....W...Z|....7....jT...n.......`$H.+..GO...*.x.....X*|...^.
..d.....IEND.B`..PNG........IHDR...@...@............:PLTE..."""""""""""""""""""""""""""""""""""""""""""""""""""""""""""
""""""""""""""""%+-@y.W..`..^..S..C..,>C*8<X..a..a..M..+<Aa..X..#%%T..L..=q.>u.K..`..A}.L..8do=r.%+,@y.^..S..)59=q.P..U
.."#$P..\..0JQQ.."##U..#&&_..>t.>s.`.._..5Yc1OW5Zd1NV+=B1MU+;@/GM\..*;?3S\)8<2RZ_..+=A]..,@F,@E&-/0KS7alO..9dp8amB~.E..
P..N..'023T]]..?x.3U^C..6\gU..&.0D..7_iR..H..I..M..$(*?v.Z..X..-AG#$%[..8co[..W..C..'25?v.8bn%*+L..N..2PX)7;=p~(58^..P.
.4WaQ..T..0JRQ..T..I..6]hR..T..0LSF..9eqE..E..9gsF..C..#&'\..`..&/16\fB..A{.R..]..(47%,.*:>*9=9fr:gt7^iU..?w.Z..X..^..Q
..H..)6:V..'034U^E...EL.FMK..@z.S.......tRNS.*............+......,....=V.....IDATx.....C!.......C|.....^yR].M..O]....0N
.2....".....(0V..(.Y%PDT-~(m..!.K..Y..~...I.f{.....a.....3..Op&.......x..#.j....m.m..c)]m....)..gf..hk......gg.......+X
...uiy.V...k...\[.:,..6..j...;.".;..X....f........S....8=.o.;...(......Bk.e...\..7p+m....N.<..Q..O.......y.g..tt...o...
...V.....s.......&_.a....V.~....?.*8..Q ;8..,....f....1..x.......*...A....a#......#.nP.i+..C.,....._..Nb.........H.B*..
. .L(.^<....L6.pJ.P.......%".R,.9..e3eR.a1.(...q.8....mK..m..m...yi!....Y.u...._..?i...+....A.|..{...?.._En.)..J.D.<...
..Z\Ts.R*.(.....J....u.X/..4J.9..5.DE.4k.4.&i.V4.........vsf:.g,...BC..$..........@...I_?.<...!.^.........B.%.L.w...FD1
...(F.....H.%0........(.0......'....N.0u.@.Y.P.W.I.aN.K.....?....=.e.v/c....0c.0.2..:.06R-u...\Q.......6R#..F..6...r...
.u...m......I.i~. ......sP.".......eiy...P...........,S]U..V.......Z..o....xz....Snm.{..wa..........(mg/..........[....
b...q..&.....$..z.....H>a.KT1/..1O..0...h...Y.A....-.>.....X...}......;...N...v......1.....O@&v/.._..\...\.....+0..;...
!.f......%. JY.O...'/.]_.;...'"&N.n.a.Q.^...cx.A......IEND.B`.
+---------------------------------------------------------------------------------------------------------------------+

MODULE INFORMATION:
  Number of files  = 4
  Total input size = 56167 bytes
  Redundant data   = 2691 bytes (5%)
  Web image size   = 53476 bytes (95%)


FCARM COMPLETE.  0 ERROR(s)
